/srv/wordpress/www/index.php
/srv/wordpress/www/wp-activate.php
/srv/wordpress/www/wp-admin/about.php
/srv/wordpress/www/wp-admin/admin-ajax.php
/srv/wordpress/www/wp-admin/admin-footer.php
/srv/wordpress/www/wp-admin/admin-functions.php
/srv/wordpress/www/wp-admin/admin-header.php
/srv/wordpress/www/wp-admin/admin-post.php
/srv/wordpress/www/wp-admin/admin.php
/srv/wordpress/www/wp-admin/async-upload.php
/srv/wordpress/www/wp-admin/authorize-application.php
/srv/wordpress/www/wp-admin/comment.php
/srv/wordpress/www/wp-admin/contribute.php
/srv/wordpress/www/wp-admin/credits.php
/srv/wordpress/www/wp-admin/custom-background.php
/srv/wordpress/www/wp-admin/custom-header.php
/srv/wordpress/www/wp-admin/customize.php
/srv/wordpress/www/wp-admin/edit-comments.php
/srv/wordpress/www/wp-admin/edit-form-advanced.php
/srv/wordpress/www/wp-admin/edit-form-blocks.php
/srv/wordpress/www/wp-admin/edit-form-comment.php
/srv/wordpress/www/wp-admin/edit-link-form.php
/srv/wordpress/www/wp-admin/edit-tag-form.php
/srv/wordpress/www/wp-admin/edit-tags.php
/srv/wordpress/www/wp-admin/edit.php
/srv/wordpress/www/wp-admin/erase-personal-data.php
/srv/wordpress/www/wp-admin/export-personal-data.php
/srv/wordpress/www/wp-admin/export.php
/srv/wordpress/www/wp-admin/freedoms.php
/srv/wordpress/www/wp-admin/import.php
/srv/wordpress/www/wp-admin/includes/admin-filters.php
/srv/wordpress/www/wp-admin/includes/admin.php
/srv/wordpress/www/wp-admin/includes/ajax-actions.php
/srv/wordpress/www/wp-admin/includes/bookmark.php
/srv/wordpress/www/wp-admin/includes/class-automatic-upgrader-skin.php
/srv/wordpress/www/wp-admin/includes/class-bulk-plugin-upgrader-skin.php
/srv/wordpress/www/wp-admin/includes/class-bulk-theme-upgrader-skin.php
/srv/wordpress/www/wp-admin/includes/class-bulk-upgrader-skin.php
/srv/wordpress/www/wp-admin/includes/class-core-upgrader.php
/srv/wordpress/www/wp-admin/includes/class-custom-background.php
/srv/wordpress/www/wp-admin/includes/class-custom-image-header.php
/srv/wordpress/www/wp-admin/includes/class-file-upload-upgrader.php
/srv/wordpress/www/wp-admin/includes/class-ftp-pure.php
/srv/wordpress/www/wp-admin/includes/class-ftp-sockets.php
/srv/wordpress/www/wp-admin/includes/class-ftp.php
/srv/wordpress/www/wp-admin/includes/class-language-pack-upgrader-skin.php
/srv/wordpress/www/wp-admin/includes/class-language-pack-upgrader.php
/srv/wordpress/www/wp-admin/includes/class-pclzip.php
/srv/wordpress/www/wp-admin/includes/class-plugin-installer-skin.php
/srv/wordpress/www/wp-admin/includes/class-plugin-upgrader-skin.php
/srv/wordpress/www/wp-admin/includes/class-plugin-upgrader.php
/srv/wordpress/www/wp-admin/includes/class-theme-installer-skin.php
/srv/wordpress/www/wp-admin/includes/class-theme-upgrader-skin.php
/srv/wordpress/www/wp-admin/includes/class-theme-upgrader.php
/srv/wordpress/www/wp-admin/includes/class-walker-category-checklist.php
/srv/wordpress/www/wp-admin/includes/class-walker-nav-menu-checklist.php
/srv/wordpress/www/wp-admin/includes/class-walker-nav-menu-edit.php
/srv/wordpress/www/wp-admin/includes/class-wp-ajax-upgrader-skin.php
/srv/wordpress/www/wp-admin/includes/class-wp-application-passwords-list-table.php
/srv/wordpress/www/wp-admin/includes/class-wp-automatic-updater.php
/srv/wordpress/www/wp-admin/includes/class-wp-comments-list-table.php
/srv/wordpress/www/wp-admin/includes/class-wp-community-events.php
/srv/wordpress/www/wp-admin/includes/class-wp-debug-data.php
/srv/wordpress/www/wp-admin/includes/class-wp-filesystem-base.php
/srv/wordpress/www/wp-admin/includes/class-wp-filesystem-direct.php
/srv/wordpress/www/wp-admin/includes/class-wp-filesystem-ftpext.php
/srv/wordpress/www/wp-admin/includes/class-wp-filesystem-ftpsockets.php
/srv/wordpress/www/wp-admin/includes/class-wp-filesystem-ssh2.php
/srv/wordpress/www/wp-admin/includes/class-wp-importer.php
/srv/wordpress/www/wp-admin/includes/class-wp-internal-pointers.php
/srv/wordpress/www/wp-admin/includes/class-wp-links-list-table.php
/srv/wordpress/www/wp-admin/includes/class-wp-list-table-compat.php
/srv/wordpress/www/wp-admin/includes/class-wp-list-table.php
/srv/wordpress/www/wp-admin/includes/class-wp-media-list-table.php
/srv/wordpress/www/wp-admin/includes/class-wp-ms-sites-list-table.php
/srv/wordpress/www/wp-admin/includes/class-wp-ms-themes-list-table.php
/srv/wordpress/www/wp-admin/includes/class-wp-ms-users-list-table.php
/srv/wordpress/www/wp-admin/includes/class-wp-plugin-install-list-table.php
/srv/wordpress/www/wp-admin/includes/class-wp-plugins-list-table.php
/srv/wordpress/www/wp-admin/includes/class-wp-post-comments-list-table.php
/srv/wordpress/www/wp-admin/includes/class-wp-posts-list-table.php
/srv/wordpress/www/wp-admin/includes/class-wp-privacy-data-export-requests-list-table.php
/srv/wordpress/www/wp-admin/includes/class-wp-privacy-data-removal-requests-list-table.php
/srv/wordpress/www/wp-admin/includes/class-wp-privacy-policy-content.php
/srv/wordpress/www/wp-admin/includes/class-wp-privacy-requests-table.php
/srv/wordpress/www/wp-admin/includes/class-wp-screen.php
/srv/wordpress/www/wp-admin/includes/class-wp-site-health-auto-updates.php
/srv/wordpress/www/wp-admin/includes/class-wp-site-health.php
/srv/wordpress/www/wp-admin/includes/class-wp-site-icon.php
/srv/wordpress/www/wp-admin/includes/class-wp-terms-list-table.php
/srv/wordpress/www/wp-admin/includes/class-wp-theme-install-list-table.php
/srv/wordpress/www/wp-admin/includes/class-wp-themes-list-table.php
/srv/wordpress/www/wp-admin/includes/class-wp-upgrader-skin.php
/srv/wordpress/www/wp-admin/includes/class-wp-upgrader-skins.php
/srv/wordpress/www/wp-admin/includes/class-wp-upgrader.php
/srv/wordpress/www/wp-admin/includes/class-wp-users-list-table.php
/srv/wordpress/www/wp-admin/includes/comment.php
/srv/wordpress/www/wp-admin/includes/continents-cities.php
/srv/wordpress/www/wp-admin/includes/credits.php
/srv/wordpress/www/wp-admin/includes/dashboard.php
/srv/wordpress/www/wp-admin/includes/deprecated.php
/srv/wordpress/www/wp-admin/includes/edit-tag-messages.php
/srv/wordpress/www/wp-admin/includes/export.php
/srv/wordpress/www/wp-admin/includes/file.php
/srv/wordpress/www/wp-admin/includes/image-edit.php
/srv/wordpress/www/wp-admin/includes/image.php
/srv/wordpress/www/wp-admin/includes/import.php
/srv/wordpress/www/wp-admin/includes/list-table.php
/srv/wordpress/www/wp-admin/includes/media.php
/srv/wordpress/www/wp-admin/includes/menu.php
/srv/wordpress/www/wp-admin/includes/meta-boxes.php
/srv/wordpress/www/wp-admin/includes/misc.php
/srv/wordpress/www/wp-admin/includes/ms-admin-filters.php
/srv/wordpress/www/wp-admin/includes/ms-deprecated.php
/srv/wordpress/www/wp-admin/includes/ms.php
/srv/wordpress/www/wp-admin/includes/nav-menu.php
/srv/wordpress/www/wp-admin/includes/network.php
/srv/wordpress/www/wp-admin/includes/noop.php
/srv/wordpress/www/wp-admin/includes/options.php
/srv/wordpress/www/wp-admin/includes/plugin-install.php
/srv/wordpress/www/wp-admin/includes/plugin.php
/srv/wordpress/www/wp-admin/includes/post.php
/srv/wordpress/www/wp-admin/includes/privacy-tools.php
/srv/wordpress/www/wp-admin/includes/revision.php
/srv/wordpress/www/wp-admin/includes/schema.php
/srv/wordpress/www/wp-admin/includes/screen.php
/srv/wordpress/www/wp-admin/includes/taxonomy.php
/srv/wordpress/www/wp-admin/includes/template.php
/srv/wordpress/www/wp-admin/includes/theme-install.php
/srv/wordpress/www/wp-admin/includes/theme.php
/srv/wordpress/www/wp-admin/includes/translation-install.php
/srv/wordpress/www/wp-admin/includes/update-core.php
/srv/wordpress/www/wp-admin/includes/update.php
/srv/wordpress/www/wp-admin/includes/upgrade.php
/srv/wordpress/www/wp-admin/includes/user.php
/srv/wordpress/www/wp-admin/includes/widgets.php
/srv/wordpress/www/wp-admin/index.php
/srv/wordpress/www/wp-admin/install-helper.php
/srv/wordpress/www/wp-admin/install.php
/srv/wordpress/www/wp-admin/link-add.php
/srv/wordpress/www/wp-admin/link-manager.php
/srv/wordpress/www/wp-admin/link-parse-opml.php
/srv/wordpress/www/wp-admin/link.php
/srv/wordpress/www/wp-admin/load-scripts.php
/srv/wordpress/www/wp-admin/load-styles.php
/srv/wordpress/www/wp-admin/maint/repair.php
/srv/wordpress/www/wp-admin/media-new.php
/srv/wordpress/www/wp-admin/media-upload.php
/srv/wordpress/www/wp-admin/media.php
/srv/wordpress/www/wp-admin/menu-header.php
/srv/wordpress/www/wp-admin/menu.php
/srv/wordpress/www/wp-admin/moderation.php
/srv/wordpress/www/wp-admin/ms-admin.php
/srv/wordpress/www/wp-admin/ms-delete-site.php
/srv/wordpress/www/wp-admin/ms-edit.php
/srv/wordpress/www/wp-admin/ms-options.php
/srv/wordpress/www/wp-admin/ms-sites.php
/srv/wordpress/www/wp-admin/ms-themes.php
/srv/wordpress/www/wp-admin/ms-upgrade-network.php
/srv/wordpress/www/wp-admin/ms-users.php
/srv/wordpress/www/wp-admin/my-sites.php
/srv/wordpress/www/wp-admin/nav-menus.php
/srv/wordpress/www/wp-admin/network.php
/srv/wordpress/www/wp-admin/network/about.php
/srv/wordpress/www/wp-admin/network/admin.php
/srv/wordpress/www/wp-admin/network/contribute.php
/srv/wordpress/www/wp-admin/network/credits.php
/srv/wordpress/www/wp-admin/network/edit.php
/srv/wordpress/www/wp-admin/network/freedoms.php
/srv/wordpress/www/wp-admin/network/index.php
/srv/wordpress/www/wp-admin/network/menu.php
/srv/wordpress/www/wp-admin/network/plugin-editor.php
/srv/wordpress/www/wp-admin/network/plugin-install.php
/srv/wordpress/www/wp-admin/network/plugins.php
/srv/wordpress/www/wp-admin/network/privacy.php
/srv/wordpress/www/wp-admin/network/profile.php
/srv/wordpress/www/wp-admin/network/settings.php
/srv/wordpress/www/wp-admin/network/setup.php
/srv/wordpress/www/wp-admin/network/site-info.php
/srv/wordpress/www/wp-admin/network/site-new.php
/srv/wordpress/www/wp-admin/network/site-settings.php
/srv/wordpress/www/wp-admin/network/site-themes.php
/srv/wordpress/www/wp-admin/network/site-users.php
/srv/wordpress/www/wp-admin/network/sites.php
/srv/wordpress/www/wp-admin/network/theme-editor.php
/srv/wordpress/www/wp-admin/network/theme-install.php
/srv/wordpress/www/wp-admin/network/themes.php
/srv/wordpress/www/wp-admin/network/update-core.php
/srv/wordpress/www/wp-admin/network/update.php
/srv/wordpress/www/wp-admin/network/upgrade.php
/srv/wordpress/www/wp-admin/network/user-edit.php
/srv/wordpress/www/wp-admin/network/user-new.php
/srv/wordpress/www/wp-admin/network/users.php
/srv/wordpress/www/wp-admin/options-discussion.php
/srv/wordpress/www/wp-admin/options-general.php
/srv/wordpress/www/wp-admin/options-head.php
/srv/wordpress/www/wp-admin/options-media.php
/srv/wordpress/www/wp-admin/options-permalink.php
/srv/wordpress/www/wp-admin/options-privacy.php
/srv/wordpress/www/wp-admin/options-reading.php
/srv/wordpress/www/wp-admin/options-writing.php
/srv/wordpress/www/wp-admin/options.php
/srv/wordpress/www/wp-admin/plugin-editor.php
/srv/wordpress/www/wp-admin/plugin-install.php
/srv/wordpress/www/wp-admin/plugins.php
/srv/wordpress/www/wp-admin/post-new.php
/srv/wordpress/www/wp-admin/post.php
/srv/wordpress/www/wp-admin/press-this.php
/srv/wordpress/www/wp-admin/privacy-policy-guide.php
/srv/wordpress/www/wp-admin/privacy.php
/srv/wordpress/www/wp-admin/profile.php
/srv/wordpress/www/wp-admin/revision.php
/srv/wordpress/www/wp-admin/setup-config.php
/srv/wordpress/www/wp-admin/site-editor.php
/srv/wordpress/www/wp-admin/site-health-info.php
/srv/wordpress/www/wp-admin/site-health.php
/srv/wordpress/www/wp-admin/term.php
/srv/wordpress/www/wp-admin/theme-editor.php
/srv/wordpress/www/wp-admin/theme-install.php
/srv/wordpress/www/wp-admin/themes.php
/srv/wordpress/www/wp-admin/tools.php
/srv/wordpress/www/wp-admin/update-core.php
/srv/wordpress/www/wp-admin/update.php
/srv/wordpress/www/wp-admin/upgrade-functions.php
/srv/wordpress/www/wp-admin/upgrade.php
/srv/wordpress/www/wp-admin/upload.php
/srv/wordpress/www/wp-admin/user-edit.php
/srv/wordpress/www/wp-admin/user-new.php
/srv/wordpress/www/wp-admin/user/about.php
/srv/wordpress/www/wp-admin/user/admin.php
/srv/wordpress/www/wp-admin/user/contribute.php
/srv/wordpress/www/wp-admin/user/credits.php
/srv/wordpress/www/wp-admin/user/freedoms.php
/srv/wordpress/www/wp-admin/user/index.php
/srv/wordpress/www/wp-admin/user/menu.php
/srv/wordpress/www/wp-admin/user/privacy.php
/srv/wordpress/www/wp-admin/user/profile.php
/srv/wordpress/www/wp-admin/user/user-edit.php
/srv/wordpress/www/wp-admin/users.php
/srv/wordpress/www/wp-admin/widgets-form-blocks.php
/srv/wordpress/www/wp-admin/widgets-form.php
/srv/wordpress/www/wp-admin/widgets.php
/srv/wordpress/www/wp-blog-header.php
/srv/wordpress/www/wp-comments-post.php
/srv/wordpress/www/wp-config-sample.php
/srv/wordpress/www/wp-config.php
/srv/wordpress/www/wp-content/index.php
/srv/wordpress/www/wp-content/plugins/akismet/akismet.php
/srv/wordpress/www/wp-content/plugins/akismet/class.akismet-admin.php
/srv/wordpress/www/wp-content/plugins/akismet/class.akismet-cli.php
/srv/wordpress/www/wp-content/plugins/akismet/class.akismet-rest-api.php
/srv/wordpress/www/wp-content/plugins/akismet/class.akismet-widget.php
/srv/wordpress/www/wp-content/plugins/akismet/class.akismet.php
/srv/wordpress/www/wp-content/plugins/akismet/index.php
/srv/wordpress/www/wp-content/plugins/akismet/views/activate.php
/srv/wordpress/www/wp-content/plugins/akismet/views/config.php
/srv/wordpress/www/wp-content/plugins/akismet/views/connect-jp.php
/srv/wordpress/www/wp-content/plugins/akismet/views/enter.php
/srv/wordpress/www/wp-content/plugins/akismet/views/get.php
/srv/wordpress/www/wp-content/plugins/akismet/views/logo.php
/srv/wordpress/www/wp-content/plugins/akismet/views/notice.php
/srv/wordpress/www/wp-content/plugins/akismet/views/predefined.php
/srv/wordpress/www/wp-content/plugins/akismet/views/setup.php
/srv/wordpress/www/wp-content/plugins/akismet/views/start.php
/srv/wordpress/www/wp-content/plugins/akismet/views/stats.php
/srv/wordpress/www/wp-content/plugins/akismet/views/title.php
/srv/wordpress/www/wp-content/plugins/akismet/wrapper.php
/srv/wordpress/www/wp-content/plugins/contact-form-7/admin/admin.php
/srv/wordpress/www/wp-content/plugins/contact-form-7/admin/edit-contact-form.php
/srv/wordpress/www/wp-content/plugins/contact-form-7/admin/includes/admin-functions.php
/srv/wordpress/www/wp-content/plugins/contact-form-7/admin/includes/class-contact-forms-list-table.php
/srv/wordpress/www/wp-content/plugins/contact-form-7/admin/includes/config-validator.php
/srv/wordpress/www/wp-content/plugins/contact-form-7/admin/includes/editor.php
/srv/wordpress/www/wp-content/plugins/contact-form-7/admin/includes/help-tabs.php
/srv/wordpress/www/wp-content/plugins/contact-form-7/admin/includes/js/index.asset.php
/srv/wordpress/www/wp-content/plugins/contact-form-7/admin/includes/tag-generator.php
/srv/wordpress/www/wp-content/plugins/contact-form-7/admin/includes/welcome-panel.php
/srv/wordpress/www/wp-content/plugins/contact-form-7/includes/block-editor/block-editor.php
/srv/wordpress/www/wp-content/plugins/contact-form-7/includes/block-editor/index.asset.php
/srv/wordpress/www/wp-content/plugins/contact-form-7/includes/capabilities.php
/srv/wordpress/www/wp-content/plugins/contact-form-7/includes/config-validator/actions.php
/srv/wordpress/www/wp-content/plugins/contact-form-7/includes/config-validator/additional-settings.php
/srv/wordpress/www/wp-content/plugins/contact-form-7/includes/config-validator/form.php
/srv/wordpress/www/wp-content/plugins/contact-form-7/includes/config-validator/mail.php
/srv/wordpress/www/wp-content/plugins/contact-form-7/includes/config-validator/messages.php
/srv/wordpress/www/wp-content/plugins/contact-form-7/includes/config-validator/validator.php
/srv/wordpress/www/wp-content/plugins/contact-form-7/includes/contact-form-functions.php
/srv/wordpress/www/wp-content/plugins/contact-form-7/includes/contact-form-template.php
/srv/wordpress/www/wp-content/plugins/contact-form-7/includes/contact-form.php
/srv/wordpress/www/wp-content/plugins/contact-form-7/includes/controller.php
/srv/wordpress/www/wp-content/plugins/contact-form-7/includes/file.php
/srv/wordpress/www/wp-content/plugins/contact-form-7/includes/form-tag.php
/srv/wordpress/www/wp-content/plugins/contact-form-7/includes/form-tags-manager.php
/srv/wordpress/www/wp-content/plugins/contact-form-7/includes/formatting.php
/srv/wordpress/www/wp-content/plugins/contact-form-7/includes/functions.php
/srv/wordpress/www/wp-content/plugins/contact-form-7/includes/html-formatter.php
/srv/wordpress/www/wp-content/plugins/contact-form-7/includes/integration.php
/srv/wordpress/www/wp-content/plugins/contact-form-7/includes/js/index.asset.php
/srv/wordpress/www/wp-content/plugins/contact-form-7/includes/l10n.php
/srv/wordpress/www/wp-content/plugins/contact-form-7/includes/mail-tag.php
/srv/wordpress/www/wp-content/plugins/contact-form-7/includes/mail.php
/srv/wordpress/www/wp-content/plugins/contact-form-7/includes/pipe.php
/srv/wordpress/www/wp-content/plugins/contact-form-7/includes/pocket-holder.php
/srv/wordpress/www/wp-content/plugins/contact-form-7/includes/rest-api.php
/srv/wordpress/www/wp-content/plugins/contact-form-7/includes/shortcodes.php
/srv/wordpress/www/wp-content/plugins/contact-form-7/includes/special-mail-tags.php
/srv/wordpress/www/wp-content/plugins/contact-form-7/includes/submission.php
/srv/wordpress/www/wp-content/plugins/contact-form-7/includes/swv/js/index.asset.php
/srv/wordpress/www/wp-content/plugins/contact-form-7/includes/swv/php/abstract-rules.php
/srv/wordpress/www/wp-content/plugins/contact-form-7/includes/swv/php/rules/all.php
/srv/wordpress/www/wp-content/plugins/contact-form-7/includes/swv/php/rules/any.php
/srv/wordpress/www/wp-content/plugins/contact-form-7/includes/swv/php/rules/date.php
/srv/wordpress/www/wp-content/plugins/contact-form-7/includes/swv/php/rules/dayofweek.php
/srv/wordpress/www/wp-content/plugins/contact-form-7/includes/swv/php/rules/email.php
/srv/wordpress/www/wp-content/plugins/contact-form-7/includes/swv/php/rules/enum.php
/srv/wordpress/www/wp-content/plugins/contact-form-7/includes/swv/php/rules/file.php
/srv/wordpress/www/wp-content/plugins/contact-form-7/includes/swv/php/rules/maxdate.php
/srv/wordpress/www/wp-content/plugins/contact-form-7/includes/swv/php/rules/maxfilesize.php
/srv/wordpress/www/wp-content/plugins/contact-form-7/includes/swv/php/rules/maxitems.php
/srv/wordpress/www/wp-content/plugins/contact-form-7/includes/swv/php/rules/maxlength.php
/srv/wordpress/www/wp-content/plugins/contact-form-7/includes/swv/php/rules/maxnumber.php
/srv/wordpress/www/wp-content/plugins/contact-form-7/includes/swv/php/rules/mindate.php
/srv/wordpress/www/wp-content/plugins/contact-form-7/includes/swv/php/rules/minfilesize.php
/srv/wordpress/www/wp-content/plugins/contact-form-7/includes/swv/php/rules/minitems.php
/srv/wordpress/www/wp-content/plugins/contact-form-7/includes/swv/php/rules/minlength.php
/srv/wordpress/www/wp-content/plugins/contact-form-7/includes/swv/php/rules/minnumber.php
/srv/wordpress/www/wp-content/plugins/contact-form-7/includes/swv/php/rules/number.php
/srv/wordpress/www/wp-content/plugins/contact-form-7/includes/swv/php/rules/required.php
/srv/wordpress/www/wp-content/plugins/contact-form-7/includes/swv/php/rules/requiredfile.php
/srv/wordpress/www/wp-content/plugins/contact-form-7/includes/swv/php/rules/stepnumber.php
/srv/wordpress/www/wp-content/plugins/contact-form-7/includes/swv/php/rules/tel.php
/srv/wordpress/www/wp-content/plugins/contact-form-7/includes/swv/php/rules/time.php
/srv/wordpress/www/wp-content/plugins/contact-form-7/includes/swv/php/rules/url.php
/srv/wordpress/www/wp-content/plugins/contact-form-7/includes/swv/schema-holder.php
/srv/wordpress/www/wp-content/plugins/contact-form-7/includes/swv/script-loader.php
/srv/wordpress/www/wp-content/plugins/contact-form-7/includes/swv/swv.php
/srv/wordpress/www/wp-content/plugins/contact-form-7/includes/upgrade.php
/srv/wordpress/www/wp-content/plugins/contact-form-7/includes/validation-functions.php
/srv/wordpress/www/wp-content/plugins/contact-form-7/includes/validation.php
/srv/wordpress/www/wp-content/plugins/contact-form-7/load.php
/srv/wordpress/www/wp-content/plugins/contact-form-7/modules/acceptance.php
/srv/wordpress/www/wp-content/plugins/contact-form-7/modules/akismet/akismet.php
/srv/wordpress/www/wp-content/plugins/contact-form-7/modules/akismet/service.php
/srv/wordpress/www/wp-content/plugins/contact-form-7/modules/checkbox.php
/srv/wordpress/www/wp-content/plugins/contact-form-7/modules/constant-contact/constant-contact.php
/srv/wordpress/www/wp-content/plugins/contact-form-7/modules/constant-contact/contact-form-properties.php
/srv/wordpress/www/wp-content/plugins/contact-form-7/modules/constant-contact/contact-post-request.php
/srv/wordpress/www/wp-content/plugins/contact-form-7/modules/constant-contact/doi.php
/srv/wordpress/www/wp-content/plugins/contact-form-7/modules/constant-contact/service.php
/srv/wordpress/www/wp-content/plugins/contact-form-7/modules/count.php
/srv/wordpress/www/wp-content/plugins/contact-form-7/modules/date.php
/srv/wordpress/www/wp-content/plugins/contact-form-7/modules/disallowed-list.php
/srv/wordpress/www/wp-content/plugins/contact-form-7/modules/doi-helper.php
/srv/wordpress/www/wp-content/plugins/contact-form-7/modules/file.php
/srv/wordpress/www/wp-content/plugins/contact-form-7/modules/flamingo.php
/srv/wordpress/www/wp-content/plugins/contact-form-7/modules/hidden.php
/srv/wordpress/www/wp-content/plugins/contact-form-7/modules/listo.php
/srv/wordpress/www/wp-content/plugins/contact-form-7/modules/number.php
/srv/wordpress/www/wp-content/plugins/contact-form-7/modules/quiz.php
/srv/wordpress/www/wp-content/plugins/contact-form-7/modules/really-simple-captcha.php
/srv/wordpress/www/wp-content/plugins/contact-form-7/modules/recaptcha/index.asset.php
/srv/wordpress/www/wp-content/plugins/contact-form-7/modules/recaptcha/recaptcha.php
/srv/wordpress/www/wp-content/plugins/contact-form-7/modules/recaptcha/service.php
/srv/wordpress/www/wp-content/plugins/contact-form-7/modules/reflection.php
/srv/wordpress/www/wp-content/plugins/contact-form-7/modules/response.php
/srv/wordpress/www/wp-content/plugins/contact-form-7/modules/select.php
/srv/wordpress/www/wp-content/plugins/contact-form-7/modules/sendinblue/contact-form-properties.php
/srv/wordpress/www/wp-content/plugins/contact-form-7/modules/sendinblue/doi.php
/srv/wordpress/www/wp-content/plugins/contact-form-7/modules/sendinblue/sendinblue.php
/srv/wordpress/www/wp-content/plugins/contact-form-7/modules/sendinblue/service.php
/srv/wordpress/www/wp-content/plugins/contact-form-7/modules/stripe/api.php
/srv/wordpress/www/wp-content/plugins/contact-form-7/modules/stripe/index.asset.php
/srv/wordpress/www/wp-content/plugins/contact-form-7/modules/stripe/service.php
/srv/wordpress/www/wp-content/plugins/contact-form-7/modules/stripe/stripe.php
/srv/wordpress/www/wp-content/plugins/contact-form-7/modules/submit.php
/srv/wordpress/www/wp-content/plugins/contact-form-7/modules/text.php
/srv/wordpress/www/wp-content/plugins/contact-form-7/modules/textarea.php
/srv/wordpress/www/wp-content/plugins/contact-form-7/uninstall.php
/srv/wordpress/www/wp-content/plugins/contact-form-7/wp-contact-form-7.php
/srv/wordpress/www/wp-content/plugins/hello.php
/srv/wordpress/www/wp-content/plugins/index.php
/srv/wordpress/www/wp-content/themes/index.php
/srv/wordpress/www/wp-content/themes/twentytwentyfive/functions.php
/srv/wordpress/www/wp-content/themes/twentytwentyfive/patterns/banner-about-book.php
/srv/wordpress/www/wp-content/themes/twentytwentyfive/patterns/banner-cover-big-heading.php
/srv/wordpress/www/wp-content/themes/twentytwentyfive/patterns/banner-intro-image.php
/srv/wordpress/www/wp-content/themes/twentytwentyfive/patterns/banner-intro.php
/srv/wordpress/www/wp-content/themes/twentytwentyfive/patterns/banner-poster.php
/srv/wordpress/www/wp-content/themes/twentytwentyfive/patterns/banner-with-description-and-images-grid.php
/srv/wordpress/www/wp-content/themes/twentytwentyfive/patterns/binding-format.php
/srv/wordpress/www/wp-content/themes/twentytwentyfive/patterns/comments.php
/srv/wordpress/www/wp-content/themes/twentytwentyfive/patterns/contact-centered-social-link.php
/srv/wordpress/www/wp-content/themes/twentytwentyfive/patterns/contact-info-locations.php
/srv/wordpress/www/wp-content/themes/twentytwentyfive/patterns/contact-location-and-link.php
/srv/wordpress/www/wp-content/themes/twentytwentyfive/patterns/cta-book-links.php
/srv/wordpress/www/wp-content/themes/twentytwentyfive/patterns/cta-book-locations.php
/srv/wordpress/www/wp-content/themes/twentytwentyfive/patterns/cta-centered-heading.php
/srv/wordpress/www/wp-content/themes/twentytwentyfive/patterns/cta-events-list.php
/srv/wordpress/www/wp-content/themes/twentytwentyfive/patterns/cta-grid-products-link.php
/srv/wordpress/www/wp-content/themes/twentytwentyfive/patterns/cta-heading-search.php
/srv/wordpress/www/wp-content/themes/twentytwentyfive/patterns/cta-newsletter.php
/srv/wordpress/www/wp-content/themes/twentytwentyfive/patterns/event-3-col.php
/srv/wordpress/www/wp-content/themes/twentytwentyfive/patterns/event-rsvp.php
/srv/wordpress/www/wp-content/themes/twentytwentyfive/patterns/event-schedule.php
/srv/wordpress/www/wp-content/themes/twentytwentyfive/patterns/footer-centered.php
/srv/wordpress/www/wp-content/themes/twentytwentyfive/patterns/footer-columns.php
/srv/wordpress/www/wp-content/themes/twentytwentyfive/patterns/footer-newsletter.php
/srv/wordpress/www/wp-content/themes/twentytwentyfive/patterns/footer-social.php
/srv/wordpress/www/wp-content/themes/twentytwentyfive/patterns/footer.php
/srv/wordpress/www/wp-content/themes/twentytwentyfive/patterns/format-audio.php
/srv/wordpress/www/wp-content/themes/twentytwentyfive/patterns/format-link.php
/srv/wordpress/www/wp-content/themes/twentytwentyfive/patterns/grid-videos.php
/srv/wordpress/www/wp-content/themes/twentytwentyfive/patterns/grid-with-categories.php
/srv/wordpress/www/wp-content/themes/twentytwentyfive/patterns/header-centered.php
/srv/wordpress/www/wp-content/themes/twentytwentyfive/patterns/header-columns.php
/srv/wordpress/www/wp-content/themes/twentytwentyfive/patterns/header-large-title.php
/srv/wordpress/www/wp-content/themes/twentytwentyfive/patterns/header.php
/srv/wordpress/www/wp-content/themes/twentytwentyfive/patterns/heading-and-paragraph-with-image.php
/srv/wordpress/www/wp-content/themes/twentytwentyfive/patterns/hero-book.php
/srv/wordpress/www/wp-content/themes/twentytwentyfive/patterns/hero-full-width-image.php
/srv/wordpress/www/wp-content/themes/twentytwentyfive/patterns/hero-overlapped-book-cover-with-links.php
/srv/wordpress/www/wp-content/themes/twentytwentyfive/patterns/hero-podcast.php
/srv/wordpress/www/wp-content/themes/twentytwentyfive/patterns/hidden-404.php
/srv/wordpress/www/wp-content/themes/twentytwentyfive/patterns/hidden-blog-heading.php
/srv/wordpress/www/wp-content/themes/twentytwentyfive/patterns/hidden-search.php
/srv/wordpress/www/wp-content/themes/twentytwentyfive/patterns/hidden-sidebar.php
/srv/wordpress/www/wp-content/themes/twentytwentyfive/patterns/hidden-written-by.php
/srv/wordpress/www/wp-content/themes/twentytwentyfive/patterns/logos.php
/srv/wordpress/www/wp-content/themes/twentytwentyfive/patterns/media-instagram-grid.php
/srv/wordpress/www/wp-content/themes/twentytwentyfive/patterns/more-posts.php
/srv/wordpress/www/wp-content/themes/twentytwentyfive/patterns/overlapped-images.php
/srv/wordpress/www/wp-content/themes/twentytwentyfive/patterns/page-business-home.php
/srv/wordpress/www/wp-content/themes/twentytwentyfive/patterns/page-coming-soon.php
/srv/wordpress/www/wp-content/themes/twentytwentyfive/patterns/page-cv-bio.php
/srv/wordpress/www/wp-content/themes/twentytwentyfive/patterns/page-landing-book.php
/srv/wordpress/www/wp-content/themes/twentytwentyfive/patterns/page-landing-event.php
/srv/wordpress/www/wp-content/themes/twentytwentyfive/patterns/page-landing-podcast.php
/srv/wordpress/www/wp-content/themes/twentytwentyfive/patterns/page-link-in-bio-heading-paragraph-links-image.php
/srv/wordpress/www/wp-content/themes/twentytwentyfive/patterns/page-link-in-bio-wide-margins.php
/srv/wordpress/www/wp-content/themes/twentytwentyfive/patterns/page-link-in-bio-with-tight-margins.php
/srv/wordpress/www/wp-content/themes/twentytwentyfive/patterns/page-portfolio-home.php
/srv/wordpress/www/wp-content/themes/twentytwentyfive/patterns/page-shop-home.php
/srv/wordpress/www/wp-content/themes/twentytwentyfive/patterns/post-navigation.php
/srv/wordpress/www/wp-content/themes/twentytwentyfive/patterns/pricing-2-col.php
/srv/wordpress/www/wp-content/themes/twentytwentyfive/patterns/pricing-3-col.php
/srv/wordpress/www/wp-content/themes/twentytwentyfive/patterns/services-3-col.php
/srv/wordpress/www/wp-content/themes/twentytwentyfive/patterns/services-subscriber-only-section.php
/srv/wordpress/www/wp-content/themes/twentytwentyfive/patterns/services-team-photos.php
/srv/wordpress/www/wp-content/themes/twentytwentyfive/patterns/template-404-vertical-header-blog.php
/srv/wordpress/www/wp-content/themes/twentytwentyfive/patterns/template-archive-news-blog.php
/srv/wordpress/www/wp-content/themes/twentytwentyfive/patterns/template-archive-photo-blog.php
/srv/wordpress/www/wp-content/themes/twentytwentyfive/patterns/template-archive-text-blog.php
/srv/wordpress/www/wp-content/themes/twentytwentyfive/patterns/template-archive-vertical-header-blog.php
/srv/wordpress/www/wp-content/themes/twentytwentyfive/patterns/template-home-news-blog.php
/srv/wordpress/www/wp-content/themes/twentytwentyfive/patterns/template-home-photo-blog.php
/srv/wordpress/www/wp-content/themes/twentytwentyfive/patterns/template-home-posts-grid-news-blog.php
/srv/wordpress/www/wp-content/themes/twentytwentyfive/patterns/template-home-text-blog.php
/srv/wordpress/www/wp-content/themes/twentytwentyfive/patterns/template-home-vertical-header-blog.php
/srv/wordpress/www/wp-content/themes/twentytwentyfive/patterns/template-home-with-sidebar-news-blog.php
/srv/wordpress/www/wp-content/themes/twentytwentyfive/patterns/template-page-photo-blog.php
/srv/wordpress/www/wp-content/themes/twentytwentyfive/patterns/template-page-vertical-header-blog.php
/srv/wordpress/www/wp-content/themes/twentytwentyfive/patterns/template-query-loop-news-blog.php
/srv/wordpress/www/wp-content/themes/twentytwentyfive/patterns/template-query-loop-photo-blog.php
/srv/wordpress/www/wp-content/themes/twentytwentyfive/patterns/template-query-loop-text-blog.php
/srv/wordpress/www/wp-content/themes/twentytwentyfive/patterns/template-query-loop-vertical-header-blog.php
/srv/wordpress/www/wp-content/themes/twentytwentyfive/patterns/template-query-loop.php
/srv/wordpress/www/wp-content/themes/twentytwentyfive/patterns/template-search-news-blog.php
/srv/wordpress/www/wp-content/themes/twentytwentyfive/patterns/template-search-photo-blog.php
/srv/wordpress/www/wp-content/themes/twentytwentyfive/patterns/template-search-text-blog.php
/srv/wordpress/www/wp-content/themes/twentytwentyfive/patterns/template-search-vertical-header-blog.php
/srv/wordpress/www/wp-content/themes/twentytwentyfive/patterns/template-single-left-aligned-content.php
/srv/wordpress/www/wp-content/themes/twentytwentyfive/patterns/template-single-news-blog.php
/srv/wordpress/www/wp-content/themes/twentytwentyfive/patterns/template-single-offset.php
/srv/wordpress/www/wp-content/themes/twentytwentyfive/patterns/template-single-photo-blog.php
/srv/wordpress/www/wp-content/themes/twentytwentyfive/patterns/template-single-text-blog.php
/srv/wordpress/www/wp-content/themes/twentytwentyfive/patterns/template-single-vertical-header-blog.php
/srv/wordpress/www/wp-content/themes/twentytwentyfive/patterns/testimonials-2-col.php
/srv/wordpress/www/wp-content/themes/twentytwentyfive/patterns/testimonials-6-col.php
/srv/wordpress/www/wp-content/themes/twentytwentyfive/patterns/testimonials-large.php
/srv/wordpress/www/wp-content/themes/twentytwentyfive/patterns/text-faqs.php
/srv/wordpress/www/wp-content/themes/twentytwentyfive/patterns/vertical-header.php
/srv/wordpress/www/wp-content/themes/twentytwentyfour/functions.php
/srv/wordpress/www/wp-content/themes/twentytwentyfour/patterns/banner-hero.php
/srv/wordpress/www/wp-content/themes/twentytwentyfour/patterns/banner-project-description.php
/srv/wordpress/www/wp-content/themes/twentytwentyfour/patterns/cta-content-image-on-right.php
/srv/wordpress/www/wp-content/themes/twentytwentyfour/patterns/cta-pricing.php
/srv/wordpress/www/wp-content/themes/twentytwentyfour/patterns/cta-rsvp.php
/srv/wordpress/www/wp-content/themes/twentytwentyfour/patterns/cta-services-image-left.php
/srv/wordpress/www/wp-content/themes/twentytwentyfour/patterns/cta-subscribe-centered.php
/srv/wordpress/www/wp-content/themes/twentytwentyfour/patterns/footer-centered-logo-nav.php
/srv/wordpress/www/wp-content/themes/twentytwentyfour/patterns/footer-colophon-3-col.php
/srv/wordpress/www/wp-content/themes/twentytwentyfour/patterns/footer.php
/srv/wordpress/www/wp-content/themes/twentytwentyfour/patterns/gallery-full-screen-image.php
/srv/wordpress/www/wp-content/themes/twentytwentyfour/patterns/gallery-offset-images-grid-2-col.php
/srv/wordpress/www/wp-content/themes/twentytwentyfour/patterns/gallery-offset-images-grid-3-col.php
/srv/wordpress/www/wp-content/themes/twentytwentyfour/patterns/gallery-offset-images-grid-4-col.php
/srv/wordpress/www/wp-content/themes/twentytwentyfour/patterns/gallery-project-layout.php
/srv/wordpress/www/wp-content/themes/twentytwentyfour/patterns/hidden-404.php
/srv/wordpress/www/wp-content/themes/twentytwentyfour/patterns/hidden-comments.php
/srv/wordpress/www/wp-content/themes/twentytwentyfour/patterns/hidden-no-results.php
/srv/wordpress/www/wp-content/themes/twentytwentyfour/patterns/hidden-portfolio-hero.php
/srv/wordpress/www/wp-content/themes/twentytwentyfour/patterns/hidden-post-meta.php
/srv/wordpress/www/wp-content/themes/twentytwentyfour/patterns/hidden-post-navigation.php
/srv/wordpress/www/wp-content/themes/twentytwentyfour/patterns/hidden-posts-heading.php
/srv/wordpress/www/wp-content/themes/twentytwentyfour/patterns/hidden-search.php
/srv/wordpress/www/wp-content/themes/twentytwentyfour/patterns/hidden-sidebar.php
/srv/wordpress/www/wp-content/themes/twentytwentyfour/patterns/page-about-business.php
/srv/wordpress/www/wp-content/themes/twentytwentyfour/patterns/page-home-blogging.php
/srv/wordpress/www/wp-content/themes/twentytwentyfour/patterns/page-home-business.php
/srv/wordpress/www/wp-content/themes/twentytwentyfour/patterns/page-home-portfolio-gallery.php
/srv/wordpress/www/wp-content/themes/twentytwentyfour/patterns/page-home-portfolio.php
/srv/wordpress/www/wp-content/themes/twentytwentyfour/patterns/page-newsletter-landing.php
/srv/wordpress/www/wp-content/themes/twentytwentyfour/patterns/page-portfolio-overview.php
/srv/wordpress/www/wp-content/themes/twentytwentyfour/patterns/page-rsvp-landing.php
/srv/wordpress/www/wp-content/themes/twentytwentyfour/patterns/posts-1-col.php
/srv/wordpress/www/wp-content/themes/twentytwentyfour/patterns/posts-3-col.php
/srv/wordpress/www/wp-content/themes/twentytwentyfour/patterns/posts-grid-2-col.php
/srv/wordpress/www/wp-content/themes/twentytwentyfour/patterns/posts-images-only-3-col.php
/srv/wordpress/www/wp-content/themes/twentytwentyfour/patterns/posts-images-only-offset-4-col.php
/srv/wordpress/www/wp-content/themes/twentytwentyfour/patterns/posts-list.php
/srv/wordpress/www/wp-content/themes/twentytwentyfour/patterns/team-4-col.php
/srv/wordpress/www/wp-content/themes/twentytwentyfour/patterns/template-archive-blogging.php
/srv/wordpress/www/wp-content/themes/twentytwentyfour/patterns/template-archive-portfolio.php
/srv/wordpress/www/wp-content/themes/twentytwentyfour/patterns/template-home-blogging.php
/srv/wordpress/www/wp-content/themes/twentytwentyfour/patterns/template-home-business.php
/srv/wordpress/www/wp-content/themes/twentytwentyfour/patterns/template-home-portfolio.php
/srv/wordpress/www/wp-content/themes/twentytwentyfour/patterns/template-index-blogging.php
/srv/wordpress/www/wp-content/themes/twentytwentyfour/patterns/template-index-portfolio.php
/srv/wordpress/www/wp-content/themes/twentytwentyfour/patterns/template-search-blogging.php
/srv/wordpress/www/wp-content/themes/twentytwentyfour/patterns/template-search-portfolio.php
/srv/wordpress/www/wp-content/themes/twentytwentyfour/patterns/template-single-portfolio.php
/srv/wordpress/www/wp-content/themes/twentytwentyfour/patterns/testimonial-centered.php
/srv/wordpress/www/wp-content/themes/twentytwentyfour/patterns/text-alternating-images.php
/srv/wordpress/www/wp-content/themes/twentytwentyfour/patterns/text-centered-statement-small.php
/srv/wordpress/www/wp-content/themes/twentytwentyfour/patterns/text-centered-statement.php
/srv/wordpress/www/wp-content/themes/twentytwentyfour/patterns/text-faq.php
/srv/wordpress/www/wp-content/themes/twentytwentyfour/patterns/text-feature-grid-3-col.php
/srv/wordpress/www/wp-content/themes/twentytwentyfour/patterns/text-project-details.php
/srv/wordpress/www/wp-content/themes/twentytwentyfour/patterns/text-title-left-image-right.php
/srv/wordpress/www/wp-content/themes/twentytwentythree/patterns/call-to-action.php
/srv/wordpress/www/wp-content/themes/twentytwentythree/patterns/footer-default.php
/srv/wordpress/www/wp-content/themes/twentytwentythree/patterns/hidden-404.php
/srv/wordpress/www/wp-content/themes/twentytwentythree/patterns/hidden-comments.php
/srv/wordpress/www/wp-content/themes/twentytwentythree/patterns/hidden-heading.php
/srv/wordpress/www/wp-content/themes/twentytwentythree/patterns/hidden-no-results.php
/srv/wordpress/www/wp-content/themes/twentytwentythree/patterns/post-meta.php
/srv/wordpress/www/wp-cron.php
/srv/wordpress/www/wp-includes/ID3/getid3.lib.php
/srv/wordpress/www/wp-includes/ID3/getid3.php
/srv/wordpress/www/wp-includes/ID3/module.audio-video.asf.php
/srv/wordpress/www/wp-includes/ID3/module.audio-video.flv.php
/srv/wordpress/www/wp-includes/ID3/module.audio-video.matroska.php
/srv/wordpress/www/wp-includes/ID3/module.audio-video.quicktime.php
/srv/wordpress/www/wp-includes/ID3/module.audio-video.riff.php
/srv/wordpress/www/wp-includes/ID3/module.audio.ac3.php
/srv/wordpress/www/wp-includes/ID3/module.audio.dts.php
/srv/wordpress/www/wp-includes/ID3/module.audio.flac.php
/srv/wordpress/www/wp-includes/ID3/module.audio.mp3.php
/srv/wordpress/www/wp-includes/ID3/module.audio.ogg.php
/srv/wordpress/www/wp-includes/ID3/module.tag.apetag.php
/srv/wordpress/www/wp-includes/ID3/module.tag.id3v1.php
/srv/wordpress/www/wp-includes/ID3/module.tag.id3v2.php
/srv/wordpress/www/wp-includes/ID3/module.tag.lyrics3.php
/srv/wordpress/www/wp-includes/IXR/class-IXR-base64.php
/srv/wordpress/www/wp-includes/IXR/class-IXR-client.php
/srv/wordpress/www/wp-includes/IXR/class-IXR-clientmulticall.php
/srv/wordpress/www/wp-includes/IXR/class-IXR-date.php
/srv/wordpress/www/wp-includes/IXR/class-IXR-error.php
/srv/wordpress/www/wp-includes/IXR/class-IXR-introspectionserver.php
/srv/wordpress/www/wp-includes/IXR/class-IXR-message.php
/srv/wordpress/www/wp-includes/IXR/class-IXR-request.php
/srv/wordpress/www/wp-includes/IXR/class-IXR-server.php
/srv/wordpress/www/wp-includes/IXR/class-IXR-value.php
/srv/wordpress/www/wp-includes/PHPMailer/Exception.php
/srv/wordpress/www/wp-includes/PHPMailer/PHPMailer.php
/srv/wordpress/www/wp-includes/PHPMailer/SMTP.php
/srv/wordpress/www/wp-includes/Requests/library/Requests.php
/srv/wordpress/www/wp-includes/Requests/src/Auth.php
/srv/wordpress/www/wp-includes/Requests/src/Auth/Basic.php
/srv/wordpress/www/wp-includes/Requests/src/Autoload.php
/srv/wordpress/www/wp-includes/Requests/src/Capability.php
/srv/wordpress/www/wp-includes/Requests/src/Cookie.php
/srv/wordpress/www/wp-includes/Requests/src/Cookie/Jar.php
/srv/wordpress/www/wp-includes/Requests/src/Exception.php
/srv/wordpress/www/wp-includes/Requests/src/Exception/ArgumentCount.php
/srv/wordpress/www/wp-includes/Requests/src/Exception/Http.php
/srv/wordpress/www/wp-includes/Requests/src/Exception/Http/Status304.php
/srv/wordpress/www/wp-includes/Requests/src/Exception/Http/Status305.php
/srv/wordpress/www/wp-includes/Requests/src/Exception/Http/Status306.php
/srv/wordpress/www/wp-includes/Requests/src/Exception/Http/Status400.php
/srv/wordpress/www/wp-includes/Requests/src/Exception/Http/Status401.php
/srv/wordpress/www/wp-includes/Requests/src/Exception/Http/Status402.php
/srv/wordpress/www/wp-includes/Requests/src/Exception/Http/Status403.php
/srv/wordpress/www/wp-includes/Requests/src/Exception/Http/Status404.php
/srv/wordpress/www/wp-includes/Requests/src/Exception/Http/Status405.php
/srv/wordpress/www/wp-includes/Requests/src/Exception/Http/Status406.php
/srv/wordpress/www/wp-includes/Requests/src/Exception/Http/Status407.php
/srv/wordpress/www/wp-includes/Requests/src/Exception/Http/Status408.php
/srv/wordpress/www/wp-includes/Requests/src/Exception/Http/Status409.php
/srv/wordpress/www/wp-includes/Requests/src/Exception/Http/Status410.php
/srv/wordpress/www/wp-includes/Requests/src/Exception/Http/Status411.php
/srv/wordpress/www/wp-includes/Requests/src/Exception/Http/Status412.php
/srv/wordpress/www/wp-includes/Requests/src/Exception/Http/Status413.php
/srv/wordpress/www/wp-includes/Requests/src/Exception/Http/Status414.php
/srv/wordpress/www/wp-includes/Requests/src/Exception/Http/Status415.php
/srv/wordpress/www/wp-includes/Requests/src/Exception/Http/Status416.php
/srv/wordpress/www/wp-includes/Requests/src/Exception/Http/Status417.php
/srv/wordpress/www/wp-includes/Requests/src/Exception/Http/Status418.php
/srv/wordpress/www/wp-includes/Requests/src/Exception/Http/Status428.php
/srv/wordpress/www/wp-includes/Requests/src/Exception/Http/Status429.php
/srv/wordpress/www/wp-includes/Requests/src/Exception/Http/Status431.php
/srv/wordpress/www/wp-includes/Requests/src/Exception/Http/Status500.php
/srv/wordpress/www/wp-includes/Requests/src/Exception/Http/Status501.php
/srv/wordpress/www/wp-includes/Requests/src/Exception/Http/Status502.php
/srv/wordpress/www/wp-includes/Requests/src/Exception/Http/Status503.php
/srv/wordpress/www/wp-includes/Requests/src/Exception/Http/Status504.php
/srv/wordpress/www/wp-includes/Requests/src/Exception/Http/Status505.php
/srv/wordpress/www/wp-includes/Requests/src/Exception/Http/Status511.php
/srv/wordpress/www/wp-includes/Requests/src/Exception/Http/StatusUnknown.php
/srv/wordpress/www/wp-includes/Requests/src/Exception/InvalidArgument.php
/srv/wordpress/www/wp-includes/Requests/src/Exception/Transport.php
/srv/wordpress/www/wp-includes/Requests/src/Exception/Transport/Curl.php
/srv/wordpress/www/wp-includes/Requests/src/HookManager.php
/srv/wordpress/www/wp-includes/Requests/src/Hooks.php
/srv/wordpress/www/wp-includes/Requests/src/IdnaEncoder.php
/srv/wordpress/www/wp-includes/Requests/src/Ipv6.php
/srv/wordpress/www/wp-includes/Requests/src/Iri.php
/srv/wordpress/www/wp-includes/Requests/src/Port.php
/srv/wordpress/www/wp-includes/Requests/src/Proxy.php
/srv/wordpress/www/wp-includes/Requests/src/Proxy/Http.php
/srv/wordpress/www/wp-includes/Requests/src/Requests.php
/srv/wordpress/www/wp-includes/Requests/src/Response.php
/srv/wordpress/www/wp-includes/Requests/src/Response/Headers.php
/srv/wordpress/www/wp-includes/Requests/src/Session.php
/srv/wordpress/www/wp-includes/Requests/src/Ssl.php
/srv/wordpress/www/wp-includes/Requests/src/Transport.php
/srv/wordpress/www/wp-includes/Requests/src/Transport/Curl.php
/srv/wordpress/www/wp-includes/Requests/src/Transport/Fsockopen.php
/srv/wordpress/www/wp-includes/Requests/src/Utility/CaseInsensitiveDictionary.php
/srv/wordpress/www/wp-includes/Requests/src/Utility/FilteredIterator.php
/srv/wordpress/www/wp-includes/Requests/src/Utility/InputValidator.php
/srv/wordpress/www/wp-includes/SimplePie/autoloader.php
/srv/wordpress/www/wp-includes/SimplePie/library/SimplePie.php
/srv/wordpress/www/wp-includes/SimplePie/library/SimplePie/Author.php
/srv/wordpress/www/wp-includes/SimplePie/library/SimplePie/Cache.php
/srv/wordpress/www/wp-includes/SimplePie/library/SimplePie/Cache/Base.php
/srv/wordpress/www/wp-includes/SimplePie/library/SimplePie/Cache/DB.php
/srv/wordpress/www/wp-includes/SimplePie/library/SimplePie/Cache/File.php
/srv/wordpress/www/wp-includes/SimplePie/library/SimplePie/Cache/Memcache.php
/srv/wordpress/www/wp-includes/SimplePie/library/SimplePie/Cache/Memcached.php
/srv/wordpress/www/wp-includes/SimplePie/library/SimplePie/Cache/MySQL.php
/srv/wordpress/www/wp-includes/SimplePie/library/SimplePie/Cache/Redis.php
/srv/wordpress/www/wp-includes/SimplePie/library/SimplePie/Caption.php
/srv/wordpress/www/wp-includes/SimplePie/library/SimplePie/Category.php
/srv/wordpress/www/wp-includes/SimplePie/library/SimplePie/Content/Type/Sniffer.php
/srv/wordpress/www/wp-includes/SimplePie/library/SimplePie/Copyright.php
/srv/wordpress/www/wp-includes/SimplePie/library/SimplePie/Core.php
/srv/wordpress/www/wp-includes/SimplePie/library/SimplePie/Credit.php
/srv/wordpress/www/wp-includes/SimplePie/library/SimplePie/Decode/HTML/Entities.php
/srv/wordpress/www/wp-includes/SimplePie/library/SimplePie/Enclosure.php
/srv/wordpress/www/wp-includes/SimplePie/library/SimplePie/Exception.php
/srv/wordpress/www/wp-includes/SimplePie/library/SimplePie/File.php
/srv/wordpress/www/wp-includes/SimplePie/library/SimplePie/HTTP/Parser.php
/srv/wordpress/www/wp-includes/SimplePie/library/SimplePie/IRI.php
/srv/wordpress/www/wp-includes/SimplePie/library/SimplePie/Item.php
/srv/wordpress/www/wp-includes/SimplePie/library/SimplePie/Locator.php
/srv/wordpress/www/wp-includes/SimplePie/library/SimplePie/Misc.php
/srv/wordpress/www/wp-includes/SimplePie/library/SimplePie/Net/IPv6.php
/srv/wordpress/www/wp-includes/SimplePie/library/SimplePie/Parse/Date.php
/srv/wordpress/www/wp-includes/SimplePie/library/SimplePie/Parser.php
/srv/wordpress/www/wp-includes/SimplePie/library/SimplePie/Rating.php
/srv/wordpress/www/wp-includes/SimplePie/library/SimplePie/Registry.php
/srv/wordpress/www/wp-includes/SimplePie/library/SimplePie/Restriction.php
/srv/wordpress/www/wp-includes/SimplePie/library/SimplePie/Sanitize.php
/srv/wordpress/www/wp-includes/SimplePie/library/SimplePie/Source.php
/srv/wordpress/www/wp-includes/SimplePie/library/SimplePie/XML/Declaration/Parser.php
/srv/wordpress/www/wp-includes/SimplePie/library/SimplePie/gzdecode.php
/srv/wordpress/www/wp-includes/SimplePie/src/Author.php
/srv/wordpress/www/wp-includes/SimplePie/src/Cache.php
/srv/wordpress/www/wp-includes/SimplePie/src/Cache/Base.php
/srv/wordpress/www/wp-includes/SimplePie/src/Cache/BaseDataCache.php
/srv/wordpress/www/wp-includes/SimplePie/src/Cache/CallableNameFilter.php
/srv/wordpress/www/wp-includes/SimplePie/src/Cache/DB.php
/srv/wordpress/www/wp-includes/SimplePie/src/Cache/DataCache.php
/srv/wordpress/www/wp-includes/SimplePie/src/Cache/File.php
/srv/wordpress/www/wp-includes/SimplePie/src/Cache/Memcache.php
/srv/wordpress/www/wp-includes/SimplePie/src/Cache/Memcached.php
/srv/wordpress/www/wp-includes/SimplePie/src/Cache/MySQL.php
/srv/wordpress/www/wp-includes/SimplePie/src/Cache/NameFilter.php
/srv/wordpress/www/wp-includes/SimplePie/src/Cache/Psr16.php
/srv/wordpress/www/wp-includes/SimplePie/src/Cache/Redis.php
/srv/wordpress/www/wp-includes/SimplePie/src/Caption.php
/srv/wordpress/www/wp-includes/SimplePie/src/Category.php
/srv/wordpress/www/wp-includes/SimplePie/src/Content/Type/Sniffer.php
/srv/wordpress/www/wp-includes/SimplePie/src/Copyright.php
/srv/wordpress/www/wp-includes/SimplePie/src/Core.php
/srv/wordpress/www/wp-includes/SimplePie/src/Credit.php
/srv/wordpress/www/wp-includes/SimplePie/src/Decode/HTML/Entities.php
/srv/wordpress/www/wp-includes/SimplePie/src/Enclosure.php
/srv/wordpress/www/wp-includes/SimplePie/src/Exception.php
/srv/wordpress/www/wp-includes/SimplePie/src/File.php
/srv/wordpress/www/wp-includes/SimplePie/src/Gzdecode.php
/srv/wordpress/www/wp-includes/SimplePie/src/HTTP/Parser.php
/srv/wordpress/www/wp-includes/SimplePie/src/IRI.php
/srv/wordpress/www/wp-includes/SimplePie/src/Item.php
/srv/wordpress/www/wp-includes/SimplePie/src/Locator.php
/srv/wordpress/www/wp-includes/SimplePie/src/Misc.php
/srv/wordpress/www/wp-includes/SimplePie/src/Net/IPv6.php
/srv/wordpress/www/wp-includes/SimplePie/src/Parse/Date.php
/srv/wordpress/www/wp-includes/SimplePie/src/Parser.php
/srv/wordpress/www/wp-includes/SimplePie/src/Rating.php
/srv/wordpress/www/wp-includes/SimplePie/src/Registry.php
/srv/wordpress/www/wp-includes/SimplePie/src/RegistryAware.php
/srv/wordpress/www/wp-includes/SimplePie/src/Restriction.php
/srv/wordpress/www/wp-includes/SimplePie/src/Sanitize.php
/srv/wordpress/www/wp-includes/SimplePie/src/SimplePie.php
/srv/wordpress/www/wp-includes/SimplePie/src/Source.php
/srv/wordpress/www/wp-includes/SimplePie/src/XML/Declaration/Parser.php
/srv/wordpress/www/wp-includes/Text/Diff.php
/srv/wordpress/www/wp-includes/Text/Diff/Engine/native.php
/srv/wordpress/www/wp-includes/Text/Diff/Engine/shell.php
/srv/wordpress/www/wp-includes/Text/Diff/Engine/string.php
/srv/wordpress/www/wp-includes/Text/Diff/Engine/xdiff.php
/srv/wordpress/www/wp-includes/Text/Diff/Renderer.php
/srv/wordpress/www/wp-includes/Text/Diff/Renderer/inline.php
/srv/wordpress/www/wp-includes/Text/Exception.php
/srv/wordpress/www/wp-includes/admin-bar.php
/srv/wordpress/www/wp-includes/assets/script-loader-packages.min.php
/srv/wordpress/www/wp-includes/assets/script-loader-packages.php
/srv/wordpress/www/wp-includes/assets/script-loader-react-refresh-entry.min.php
/srv/wordpress/www/wp-includes/assets/script-loader-react-refresh-entry.php
/srv/wordpress/www/wp-includes/assets/script-loader-react-refresh-runtime.min.php
/srv/wordpress/www/wp-includes/assets/script-loader-react-refresh-runtime.php
/srv/wordpress/www/wp-includes/assets/script-modules-packages.min.php
/srv/wordpress/www/wp-includes/assets/script-modules-packages.php
/srv/wordpress/www/wp-includes/atomlib.php
/srv/wordpress/www/wp-includes/author-template.php
/srv/wordpress/www/wp-includes/block-bindings.php
/srv/wordpress/www/wp-includes/block-bindings/pattern-overrides.php
/srv/wordpress/www/wp-includes/block-bindings/post-meta.php
/srv/wordpress/www/wp-includes/block-editor.php
/srv/wordpress/www/wp-includes/block-patterns.php
/srv/wordpress/www/wp-includes/block-patterns/query-grid-posts.php
/srv/wordpress/www/wp-includes/block-patterns/query-large-title-posts.php
/srv/wordpress/www/wp-includes/block-patterns/query-medium-posts.php
/srv/wordpress/www/wp-includes/block-patterns/query-offset-posts.php
/srv/wordpress/www/wp-includes/block-patterns/query-small-posts.php
/srv/wordpress/www/wp-includes/block-patterns/query-standard-posts.php
/srv/wordpress/www/wp-includes/block-patterns/social-links-shared-background-color.php
/srv/wordpress/www/wp-includes/block-supports/align.php
/srv/wordpress/www/wp-includes/block-supports/background.php
/srv/wordpress/www/wp-includes/block-supports/block-style-variations.php
/srv/wordpress/www/wp-includes/block-supports/border.php
/srv/wordpress/www/wp-includes/block-supports/colors.php
/srv/wordpress/www/wp-includes/block-supports/custom-classname.php
/srv/wordpress/www/wp-includes/block-supports/dimensions.php
/srv/wordpress/www/wp-includes/block-supports/duotone.php
/srv/wordpress/www/wp-includes/block-supports/elements.php
/srv/wordpress/www/wp-includes/block-supports/generated-classname.php
/srv/wordpress/www/wp-includes/block-supports/layout.php
/srv/wordpress/www/wp-includes/block-supports/position.php
/srv/wordpress/www/wp-includes/block-supports/settings.php
/srv/wordpress/www/wp-includes/block-supports/shadow.php
/srv/wordpress/www/wp-includes/block-supports/spacing.php
/srv/wordpress/www/wp-includes/block-supports/typography.php
/srv/wordpress/www/wp-includes/block-supports/utils.php
/srv/wordpress/www/wp-includes/block-template-utils.php
/srv/wordpress/www/wp-includes/block-template.php
/srv/wordpress/www/wp-includes/blocks.php
/srv/wordpress/www/wp-includes/blocks/archives.php
/srv/wordpress/www/wp-includes/blocks/avatar.php
/srv/wordpress/www/wp-includes/blocks/block.php
/srv/wordpress/www/wp-includes/blocks/blocks-json.php
/srv/wordpress/www/wp-includes/blocks/button.php
/srv/wordpress/www/wp-includes/blocks/calendar.php
/srv/wordpress/www/wp-includes/blocks/categories.php
/srv/wordpress/www/wp-includes/blocks/comment-author-name.php
/srv/wordpress/www/wp-includes/blocks/comment-content.php
/srv/wordpress/www/wp-includes/blocks/comment-date.php
/srv/wordpress/www/wp-includes/blocks/comment-edit-link.php
/srv/wordpress/www/wp-includes/blocks/comment-reply-link.php
/srv/wordpress/www/wp-includes/blocks/comment-template.php
/srv/wordpress/www/wp-includes/blocks/comments-pagination-next.php
/srv/wordpress/www/wp-includes/blocks/comments-pagination-numbers.php
/srv/wordpress/www/wp-includes/blocks/comments-pagination-previous.php
/srv/wordpress/www/wp-includes/blocks/comments-pagination.php
/srv/wordpress/www/wp-includes/blocks/comments-title.php
/srv/wordpress/www/wp-includes/blocks/comments.php
/srv/wordpress/www/wp-includes/blocks/cover.php
/srv/wordpress/www/wp-includes/blocks/file.php
/srv/wordpress/www/wp-includes/blocks/file/view.asset.php
/srv/wordpress/www/wp-includes/blocks/file/view.min.asset.php
/srv/wordpress/www/wp-includes/blocks/footnotes.php
/srv/wordpress/www/wp-includes/blocks/gallery.php
/srv/wordpress/www/wp-includes/blocks/heading.php
/srv/wordpress/www/wp-includes/blocks/home-link.php
/srv/wordpress/www/wp-includes/blocks/image.php
/srv/wordpress/www/wp-includes/blocks/image/view.asset.php
/srv/wordpress/www/wp-includes/blocks/image/view.min.asset.php
/srv/wordpress/www/wp-includes/blocks/index.php
/srv/wordpress/www/wp-includes/blocks/latest-comments.php
/srv/wordpress/www/wp-includes/blocks/latest-posts.php
/srv/wordpress/www/wp-includes/blocks/legacy-widget.php
/srv/wordpress/www/wp-includes/blocks/list.php
/srv/wordpress/www/wp-includes/blocks/loginout.php
/srv/wordpress/www/wp-includes/blocks/media-text.php
/srv/wordpress/www/wp-includes/blocks/navigation-link.php
/srv/wordpress/www/wp-includes/blocks/navigation-submenu.php
/srv/wordpress/www/wp-includes/blocks/navigation.php
/srv/wordpress/www/wp-includes/blocks/navigation/view-modal.asset.php
/srv/wordpress/www/wp-includes/blocks/navigation/view-modal.min.asset.php
/srv/wordpress/www/wp-includes/blocks/navigation/view.asset.php
/srv/wordpress/www/wp-includes/blocks/navigation/view.min.asset.php
/srv/wordpress/www/wp-includes/blocks/page-list-item.php
/srv/wordpress/www/wp-includes/blocks/page-list.php
/srv/wordpress/www/wp-includes/blocks/pattern.php
/srv/wordpress/www/wp-includes/blocks/post-author-biography.php
/srv/wordpress/www/wp-includes/blocks/post-author-name.php
/srv/wordpress/www/wp-includes/blocks/post-author.php
/srv/wordpress/www/wp-includes/blocks/post-comments-form.php
/srv/wordpress/www/wp-includes/blocks/post-content.php
/srv/wordpress/www/wp-includes/blocks/post-date.php
/srv/wordpress/www/wp-includes/blocks/post-excerpt.php
/srv/wordpress/www/wp-includes/blocks/post-featured-image.php
/srv/wordpress/www/wp-includes/blocks/post-navigation-link.php
/srv/wordpress/www/wp-includes/blocks/post-template.php
/srv/wordpress/www/wp-includes/blocks/post-terms.php
/srv/wordpress/www/wp-includes/blocks/post-title.php
/srv/wordpress/www/wp-includes/blocks/query-no-results.php
/srv/wordpress/www/wp-includes/blocks/query-pagination-next.php
/srv/wordpress/www/wp-includes/blocks/query-pagination-numbers.php
/srv/wordpress/www/wp-includes/blocks/query-pagination-previous.php
/srv/wordpress/www/wp-includes/blocks/query-pagination.php
/srv/wordpress/www/wp-includes/blocks/query-title.php
/srv/wordpress/www/wp-includes/blocks/query.php
/srv/wordpress/www/wp-includes/blocks/query/view.asset.php
/srv/wordpress/www/wp-includes/blocks/query/view.min.asset.php
/srv/wordpress/www/wp-includes/blocks/read-more.php
/srv/wordpress/www/wp-includes/blocks/require-dynamic-blocks.php
/srv/wordpress/www/wp-includes/blocks/require-static-blocks.php
/srv/wordpress/www/wp-includes/blocks/rss.php
/srv/wordpress/www/wp-includes/blocks/search.php
/srv/wordpress/www/wp-includes/blocks/search/view.asset.php
/srv/wordpress/www/wp-includes/blocks/search/view.min.asset.php
/srv/wordpress/www/wp-includes/blocks/shortcode.php
/srv/wordpress/www/wp-includes/blocks/site-logo.php
/srv/wordpress/www/wp-includes/blocks/site-tagline.php
/srv/wordpress/www/wp-includes/blocks/site-title.php
/srv/wordpress/www/wp-includes/blocks/social-link.php
/srv/wordpress/www/wp-includes/blocks/tag-cloud.php
/srv/wordpress/www/wp-includes/blocks/template-part.php
/srv/wordpress/www/wp-includes/blocks/term-description.php
/srv/wordpress/www/wp-includes/blocks/widget-group.php
/srv/wordpress/www/wp-includes/bookmark-template.php
/srv/wordpress/www/wp-includes/bookmark.php
/srv/wordpress/www/wp-includes/cache-compat.php
/srv/wordpress/www/wp-includes/cache.php
/srv/wordpress/www/wp-includes/canonical.php
/srv/wordpress/www/wp-includes/capabilities.php
/srv/wordpress/www/wp-includes/category-template.php
/srv/wordpress/www/wp-includes/category.php
/srv/wordpress/www/wp-includes/class-IXR.php
/srv/wordpress/www/wp-includes/class-avif-info.php
/srv/wordpress/www/wp-includes/class-feed.php
/srv/wordpress/www/wp-includes/class-http.php
/srv/wordpress/www/wp-includes/class-json.php
/srv/wordpress/www/wp-includes/class-oembed.php
/srv/wordpress/www/wp-includes/class-phpass.php
/srv/wordpress/www/wp-includes/class-phpmailer.php
/srv/wordpress/www/wp-includes/class-pop3.php
/srv/wordpress/www/wp-includes/class-requests.php
/srv/wordpress/www/wp-includes/class-simplepie.php
/srv/wordpress/www/wp-includes/class-smtp.php
/srv/wordpress/www/wp-includes/class-snoopy.php
/srv/wordpress/www/wp-includes/class-walker-category-dropdown.php
/srv/wordpress/www/wp-includes/class-walker-category.php
/srv/wordpress/www/wp-includes/class-walker-comment.php
/srv/wordpress/www/wp-includes/class-walker-nav-menu.php
/srv/wordpress/www/wp-includes/class-walker-page-dropdown.php
/srv/wordpress/www/wp-includes/class-walker-page.php
/srv/wordpress/www/wp-includes/class-wp-admin-bar.php
/srv/wordpress/www/wp-includes/class-wp-ajax-response.php
/srv/wordpress/www/wp-includes/class-wp-application-passwords.php
/srv/wordpress/www/wp-includes/class-wp-block-bindings-registry.php
/srv/wordpress/www/wp-includes/class-wp-block-bindings-source.php
/srv/wordpress/www/wp-includes/class-wp-block-editor-context.php
/srv/wordpress/www/wp-includes/class-wp-block-list.php
/srv/wordpress/www/wp-includes/class-wp-block-metadata-registry.php
/srv/wordpress/www/wp-includes/class-wp-block-parser-block.php
/srv/wordpress/www/wp-includes/class-wp-block-parser-frame.php
/srv/wordpress/www/wp-includes/class-wp-block-parser.php
/srv/wordpress/www/wp-includes/class-wp-block-pattern-categories-registry.php
/srv/wordpress/www/wp-includes/class-wp-block-patterns-registry.php
/srv/wordpress/www/wp-includes/class-wp-block-styles-registry.php
/srv/wordpress/www/wp-includes/class-wp-block-supports.php
/srv/wordpress/www/wp-includes/class-wp-block-template.php
/srv/wordpress/www/wp-includes/class-wp-block-templates-registry.php
/srv/wordpress/www/wp-includes/class-wp-block-type-registry.php
/srv/wordpress/www/wp-includes/class-wp-block-type.php
/srv/wordpress/www/wp-includes/class-wp-block.php
/srv/wordpress/www/wp-includes/class-wp-classic-to-block-menu-converter.php
/srv/wordpress/www/wp-includes/class-wp-comment-query.php
/srv/wordpress/www/wp-includes/class-wp-comment.php
/srv/wordpress/www/wp-includes/class-wp-customize-control.php
/srv/wordpress/www/wp-includes/class-wp-customize-manager.php
/srv/wordpress/www/wp-includes/class-wp-customize-nav-menus.php
/srv/wordpress/www/wp-includes/class-wp-customize-panel.php
/srv/wordpress/www/wp-includes/class-wp-customize-section.php
/srv/wordpress/www/wp-includes/class-wp-customize-setting.php
/srv/wordpress/www/wp-includes/class-wp-customize-widgets.php
/srv/wordpress/www/wp-includes/class-wp-date-query.php
/srv/wordpress/www/wp-includes/class-wp-dependencies.php
/srv/wordpress/www/wp-includes/class-wp-dependency.php
/srv/wordpress/www/wp-includes/class-wp-duotone.php
/srv/wordpress/www/wp-includes/class-wp-editor.php
/srv/wordpress/www/wp-includes/class-wp-embed.php
/srv/wordpress/www/wp-includes/class-wp-error.php
/srv/wordpress/www/wp-includes/class-wp-exception.php
/srv/wordpress/www/wp-includes/class-wp-fatal-error-handler.php
/srv/wordpress/www/wp-includes/class-wp-feed-cache-transient.php
/srv/wordpress/www/wp-includes/class-wp-feed-cache.php
/srv/wordpress/www/wp-includes/class-wp-hook.php
/srv/wordpress/www/wp-includes/class-wp-http-cookie.php
/srv/wordpress/www/wp-includes/class-wp-http-curl.php
/srv/wordpress/www/wp-includes/class-wp-http-encoding.php
/srv/wordpress/www/wp-includes/class-wp-http-ixr-client.php
/srv/wordpress/www/wp-includes/class-wp-http-proxy.php
/srv/wordpress/www/wp-includes/class-wp-http-requests-hooks.php
/srv/wordpress/www/wp-includes/class-wp-http-requests-response.php
/srv/wordpress/www/wp-includes/class-wp-http-response.php
/srv/wordpress/www/wp-includes/class-wp-http-streams.php
/srv/wordpress/www/wp-includes/class-wp-http.php
/srv/wordpress/www/wp-includes/class-wp-image-editor-gd.php
/srv/wordpress/www/wp-includes/class-wp-image-editor-imagick.php
/srv/wordpress/www/wp-includes/class-wp-image-editor.php
/srv/wordpress/www/wp-includes/class-wp-list-util.php
/srv/wordpress/www/wp-includes/class-wp-locale-switcher.php
/srv/wordpress/www/wp-includes/class-wp-locale.php
/srv/wordpress/www/wp-includes/class-wp-matchesmapregex.php
/srv/wordpress/www/wp-includes/class-wp-meta-query.php
/srv/wordpress/www/wp-includes/class-wp-metadata-lazyloader.php
/srv/wordpress/www/wp-includes/class-wp-navigation-fallback.php
/srv/wordpress/www/wp-includes/class-wp-network-query.php
/srv/wordpress/www/wp-includes/class-wp-network.php
/srv/wordpress/www/wp-includes/class-wp-object-cache.php
/srv/wordpress/www/wp-includes/class-wp-oembed-controller.php
/srv/wordpress/www/wp-includes/class-wp-oembed.php
/srv/wordpress/www/wp-includes/class-wp-paused-extensions-storage.php
/srv/wordpress/www/wp-includes/class-wp-plugin-dependencies.php
/srv/wordpress/www/wp-includes/class-wp-post-type.php
/srv/wordpress/www/wp-includes/class-wp-post.php
/srv/wordpress/www/wp-includes/class-wp-query.php
/srv/wordpress/www/wp-includes/class-wp-recovery-mode-cookie-service.php
/srv/wordpress/www/wp-includes/class-wp-recovery-mode-email-service.php
/srv/wordpress/www/wp-includes/class-wp-recovery-mode-key-service.php
/srv/wordpress/www/wp-includes/class-wp-recovery-mode-link-service.php
/srv/wordpress/www/wp-includes/class-wp-recovery-mode.php
/srv/wordpress/www/wp-includes/class-wp-rewrite.php
/srv/wordpress/www/wp-includes/class-wp-role.php
/srv/wordpress/www/wp-includes/class-wp-roles.php
/srv/wordpress/www/wp-includes/class-wp-script-modules.php
/srv/wordpress/www/wp-includes/class-wp-scripts.php
/srv/wordpress/www/wp-includes/class-wp-session-tokens.php
/srv/wordpress/www/wp-includes/class-wp-simplepie-file.php
/srv/wordpress/www/wp-includes/class-wp-simplepie-sanitize-kses.php
/srv/wordpress/www/wp-includes/class-wp-site-query.php
/srv/wordpress/www/wp-includes/class-wp-site.php
/srv/wordpress/www/wp-includes/class-wp-styles.php
/srv/wordpress/www/wp-includes/class-wp-tax-query.php
/srv/wordpress/www/wp-includes/class-wp-taxonomy.php
/srv/wordpress/www/wp-includes/class-wp-term-query.php
/srv/wordpress/www/wp-includes/class-wp-term.php
/srv/wordpress/www/wp-includes/class-wp-text-diff-renderer-inline.php
/srv/wordpress/www/wp-includes/class-wp-text-diff-renderer-table.php
/srv/wordpress/www/wp-includes/class-wp-textdomain-registry.php
/srv/wordpress/www/wp-includes/class-wp-theme-json-data.php
/srv/wordpress/www/wp-includes/class-wp-theme-json-resolver.php
/srv/wordpress/www/wp-includes/class-wp-theme-json-schema.php
/srv/wordpress/www/wp-includes/class-wp-theme-json.php
/srv/wordpress/www/wp-includes/class-wp-theme.php
/srv/wordpress/www/wp-includes/class-wp-token-map.php
/srv/wordpress/www/wp-includes/class-wp-user-meta-session-tokens.php
/srv/wordpress/www/wp-includes/class-wp-user-query.php
/srv/wordpress/www/wp-includes/class-wp-user-request.php
/srv/wordpress/www/wp-includes/class-wp-user.php
/srv/wordpress/www/wp-includes/class-wp-walker.php
/srv/wordpress/www/wp-includes/class-wp-widget-factory.php
/srv/wordpress/www/wp-includes/class-wp-widget.php
/srv/wordpress/www/wp-includes/class-wp-xmlrpc-server.php
/srv/wordpress/www/wp-includes/class-wp.php
/srv/wordpress/www/wp-includes/class-wpdb.php
/srv/wordpress/www/wp-includes/class.wp-dependencies.php
/srv/wordpress/www/wp-includes/class.wp-scripts.php
/srv/wordpress/www/wp-includes/class.wp-styles.php
/srv/wordpress/www/wp-includes/comment-template.php
/srv/wordpress/www/wp-includes/comment.php
/srv/wordpress/www/wp-includes/compat.php
/srv/wordpress/www/wp-includes/cron.php
/srv/wordpress/www/wp-includes/customize/class-wp-customize-background-image-control.php
/srv/wordpress/www/wp-includes/customize/class-wp-customize-background-image-setting.php
/srv/wordpress/www/wp-includes/customize/class-wp-customize-background-position-control.php
/srv/wordpress/www/wp-includes/customize/class-wp-customize-code-editor-control.php
/srv/wordpress/www/wp-includes/customize/class-wp-customize-color-control.php
/srv/wordpress/www/wp-includes/customize/class-wp-customize-cropped-image-control.php
/srv/wordpress/www/wp-includes/customize/class-wp-customize-custom-css-setting.php
/srv/wordpress/www/wp-includes/customize/class-wp-customize-date-time-control.php
/srv/wordpress/www/wp-includes/customize/class-wp-customize-filter-setting.php
/srv/wordpress/www/wp-includes/customize/class-wp-customize-header-image-control.php
/srv/wordpress/www/wp-includes/customize/class-wp-customize-header-image-setting.php
/srv/wordpress/www/wp-includes/customize/class-wp-customize-image-control.php
/srv/wordpress/www/wp-includes/customize/class-wp-customize-media-control.php
/srv/wordpress/www/wp-includes/customize/class-wp-customize-nav-menu-auto-add-control.php
/srv/wordpress/www/wp-includes/customize/class-wp-customize-nav-menu-control.php
/srv/wordpress/www/wp-includes/customize/class-wp-customize-nav-menu-item-control.php
/srv/wordpress/www/wp-includes/customize/class-wp-customize-nav-menu-item-setting.php
/srv/wordpress/www/wp-includes/customize/class-wp-customize-nav-menu-location-control.php
/srv/wordpress/www/wp-includes/customize/class-wp-customize-nav-menu-locations-control.php
/srv/wordpress/www/wp-includes/customize/class-wp-customize-nav-menu-name-control.php
/srv/wordpress/www/wp-includes/customize/class-wp-customize-nav-menu-section.php
/srv/wordpress/www/wp-includes/customize/class-wp-customize-nav-menu-setting.php
/srv/wordpress/www/wp-includes/customize/class-wp-customize-nav-menus-panel.php
/srv/wordpress/www/wp-includes/customize/class-wp-customize-new-menu-control.php
/srv/wordpress/www/wp-includes/customize/class-wp-customize-new-menu-section.php
/srv/wordpress/www/wp-includes/customize/class-wp-customize-partial.php
/srv/wordpress/www/wp-includes/customize/class-wp-customize-selective-refresh.php
/srv/wordpress/www/wp-includes/customize/class-wp-customize-sidebar-section.php
/srv/wordpress/www/wp-includes/customize/class-wp-customize-site-icon-control.php
/srv/wordpress/www/wp-includes/customize/class-wp-customize-theme-control.php
/srv/wordpress/www/wp-includes/customize/class-wp-customize-themes-panel.php
/srv/wordpress/www/wp-includes/customize/class-wp-customize-themes-section.php
/srv/wordpress/www/wp-includes/customize/class-wp-customize-upload-control.php
/srv/wordpress/www/wp-includes/customize/class-wp-sidebar-block-editor-control.php
/srv/wordpress/www/wp-includes/customize/class-wp-widget-area-customize-control.php
/srv/wordpress/www/wp-includes/customize/class-wp-widget-form-customize-control.php
/srv/wordpress/www/wp-includes/date.php
/srv/wordpress/www/wp-includes/default-constants.php
/srv/wordpress/www/wp-includes/default-filters.php
/srv/wordpress/www/wp-includes/default-widgets.php
/srv/wordpress/www/wp-includes/deprecated.php
/srv/wordpress/www/wp-includes/embed-template.php
/srv/wordpress/www/wp-includes/embed.php
/srv/wordpress/www/wp-includes/error-protection.php
/srv/wordpress/www/wp-includes/feed-atom-comments.php
/srv/wordpress/www/wp-includes/feed-atom.php
/srv/wordpress/www/wp-includes/feed-rdf.php
/srv/wordpress/www/wp-includes/feed-rss.php
/srv/wordpress/www/wp-includes/feed-rss2-comments.php
/srv/wordpress/www/wp-includes/feed-rss2.php
/srv/wordpress/www/wp-includes/feed.php
/srv/wordpress/www/wp-includes/fonts.php
/srv/wordpress/www/wp-includes/fonts/class-wp-font-collection.php
/srv/wordpress/www/wp-includes/fonts/class-wp-font-face-resolver.php
/srv/wordpress/www/wp-includes/fonts/class-wp-font-face.php
/srv/wordpress/www/wp-includes/fonts/class-wp-font-library.php
/srv/wordpress/www/wp-includes/fonts/class-wp-font-utils.php
/srv/wordpress/www/wp-includes/formatting.php
/srv/wordpress/www/wp-includes/functions.php
/srv/wordpress/www/wp-includes/functions.wp-scripts.php
/srv/wordpress/www/wp-includes/functions.wp-styles.php
/srv/wordpress/www/wp-includes/general-template.php
/srv/wordpress/www/wp-includes/global-styles-and-settings.php
/srv/wordpress/www/wp-includes/html-api/class-wp-html-active-formatting-elements.php
/srv/wordpress/www/wp-includes/html-api/class-wp-html-attribute-token.php
/srv/wordpress/www/wp-includes/html-api/class-wp-html-decoder.php
/srv/wordpress/www/wp-includes/html-api/class-wp-html-doctype-info.php
/srv/wordpress/www/wp-includes/html-api/class-wp-html-open-elements.php
/srv/wordpress/www/wp-includes/html-api/class-wp-html-processor-state.php
/srv/wordpress/www/wp-includes/html-api/class-wp-html-processor.php
/srv/wordpress/www/wp-includes/html-api/class-wp-html-span.php
/srv/wordpress/www/wp-includes/html-api/class-wp-html-stack-event.php
/srv/wordpress/www/wp-includes/html-api/class-wp-html-tag-processor.php
/srv/wordpress/www/wp-includes/html-api/class-wp-html-text-replacement.php
/srv/wordpress/www/wp-includes/html-api/class-wp-html-token.php
/srv/wordpress/www/wp-includes/html-api/class-wp-html-unsupported-exception.php
/srv/wordpress/www/wp-includes/html-api/html5-named-character-references.php
/srv/wordpress/www/wp-includes/http.php
/srv/wordpress/www/wp-includes/https-detection.php
/srv/wordpress/www/wp-includes/https-migration.php
/srv/wordpress/www/wp-includes/interactivity-api/class-wp-interactivity-api-directives-processor.php
/srv/wordpress/www/wp-includes/interactivity-api/class-wp-interactivity-api.php
/srv/wordpress/www/wp-includes/interactivity-api/interactivity-api.php
/srv/wordpress/www/wp-includes/js/tinymce/wp-tinymce.php
/srv/wordpress/www/wp-includes/kses.php
/srv/wordpress/www/wp-includes/l10n.php
/srv/wordpress/www/wp-includes/l10n/class-wp-translation-controller.php
/srv/wordpress/www/wp-includes/l10n/class-wp-translation-file-mo.php
/srv/wordpress/www/wp-includes/l10n/class-wp-translation-file-php.php
/srv/wordpress/www/wp-includes/l10n/class-wp-translation-file.php
/srv/wordpress/www/wp-includes/l10n/class-wp-translations.php
/srv/wordpress/www/wp-includes/link-template.php
/srv/wordpress/www/wp-includes/load.php
/srv/wordpress/www/wp-includes/locale.php
/srv/wordpress/www/wp-includes/media-template.php
/srv/wordpress/www/wp-includes/media.php
/srv/wordpress/www/wp-includes/meta.php
/srv/wordpress/www/wp-includes/ms-blogs.php
/srv/wordpress/www/wp-includes/ms-default-constants.php
/srv/wordpress/www/wp-includes/ms-default-filters.php
/srv/wordpress/www/wp-includes/ms-deprecated.php
/srv/wordpress/www/wp-includes/ms-files.php
/srv/wordpress/www/wp-includes/ms-functions.php
/srv/wordpress/www/wp-includes/ms-load.php
/srv/wordpress/www/wp-includes/ms-network.php
/srv/wordpress/www/wp-includes/ms-settings.php
/srv/wordpress/www/wp-includes/ms-site.php
/srv/wordpress/www/wp-includes/nav-menu-template.php
/srv/wordpress/www/wp-includes/nav-menu.php
/srv/wordpress/www/wp-includes/option.php
/srv/wordpress/www/wp-includes/php-compat/readonly.php
/srv/wordpress/www/wp-includes/pluggable-deprecated.php
/srv/wordpress/www/wp-includes/pluggable.php
/srv/wordpress/www/wp-includes/plugin.php
/srv/wordpress/www/wp-includes/pomo/entry.php
/srv/wordpress/www/wp-includes/pomo/mo.php
/srv/wordpress/www/wp-includes/pomo/plural-forms.php
/srv/wordpress/www/wp-includes/pomo/po.php
/srv/wordpress/www/wp-includes/pomo/streams.php
/srv/wordpress/www/wp-includes/pomo/translations.php
/srv/wordpress/www/wp-includes/post-formats.php
/srv/wordpress/www/wp-includes/post-template.php
/srv/wordpress/www/wp-includes/post-thumbnail-template.php
/srv/wordpress/www/wp-includes/post.php
/srv/wordpress/www/wp-includes/query.php
/srv/wordpress/www/wp-includes/registration-functions.php
/srv/wordpress/www/wp-includes/registration.php
/srv/wordpress/www/wp-includes/rest-api.php
/srv/wordpress/www/wp-includes/rest-api/class-wp-rest-request.php
/srv/wordpress/www/wp-includes/rest-api/class-wp-rest-response.php
/srv/wordpress/www/wp-includes/rest-api/class-wp-rest-server.php
/srv/wordpress/www/wp-includes/rest-api/endpoints/class-wp-rest-application-passwords-controller.php
/srv/wordpress/www/wp-includes/rest-api/endpoints/class-wp-rest-attachments-controller.php
/srv/wordpress/www/wp-includes/rest-api/endpoints/class-wp-rest-autosaves-controller.php
/srv/wordpress/www/wp-includes/rest-api/endpoints/class-wp-rest-block-directory-controller.php
/srv/wordpress/www/wp-includes/rest-api/endpoints/class-wp-rest-block-pattern-categories-controller.php
/srv/wordpress/www/wp-includes/rest-api/endpoints/class-wp-rest-block-patterns-controller.php
/srv/wordpress/www/wp-includes/rest-api/endpoints/class-wp-rest-block-renderer-controller.php
/srv/wordpress/www/wp-includes/rest-api/endpoints/class-wp-rest-block-types-controller.php
/srv/wordpress/www/wp-includes/rest-api/endpoints/class-wp-rest-blocks-controller.php
/srv/wordpress/www/wp-includes/rest-api/endpoints/class-wp-rest-comments-controller.php
/srv/wordpress/www/wp-includes/rest-api/endpoints/class-wp-rest-controller.php
/srv/wordpress/www/wp-includes/rest-api/endpoints/class-wp-rest-edit-site-export-controller.php
/srv/wordpress/www/wp-includes/rest-api/endpoints/class-wp-rest-font-collections-controller.php
/srv/wordpress/www/wp-includes/rest-api/endpoints/class-wp-rest-font-faces-controller.php
/srv/wordpress/www/wp-includes/rest-api/endpoints/class-wp-rest-font-families-controller.php
/srv/wordpress/www/wp-includes/rest-api/endpoints/class-wp-rest-global-styles-controller.php
/srv/wordpress/www/wp-includes/rest-api/endpoints/class-wp-rest-global-styles-revisions-controller.php
/srv/wordpress/www/wp-includes/rest-api/endpoints/class-wp-rest-menu-items-controller.php
/srv/wordpress/www/wp-includes/rest-api/endpoints/class-wp-rest-menu-locations-controller.php
/srv/wordpress/www/wp-includes/rest-api/endpoints/class-wp-rest-menus-controller.php
/srv/wordpress/www/wp-includes/rest-api/endpoints/class-wp-rest-navigation-fallback-controller.php
/srv/wordpress/www/wp-includes/rest-api/endpoints/class-wp-rest-pattern-directory-controller.php
/srv/wordpress/www/wp-includes/rest-api/endpoints/class-wp-rest-plugins-controller.php
/srv/wordpress/www/wp-includes/rest-api/endpoints/class-wp-rest-post-statuses-controller.php
/srv/wordpress/www/wp-includes/rest-api/endpoints/class-wp-rest-post-types-controller.php
/srv/wordpress/www/wp-includes/rest-api/endpoints/class-wp-rest-posts-controller.php
/srv/wordpress/www/wp-includes/rest-api/endpoints/class-wp-rest-revisions-controller.php
/srv/wordpress/www/wp-includes/rest-api/endpoints/class-wp-rest-search-controller.php
/srv/wordpress/www/wp-includes/rest-api/endpoints/class-wp-rest-settings-controller.php
/srv/wordpress/www/wp-includes/rest-api/endpoints/class-wp-rest-sidebars-controller.php
/srv/wordpress/www/wp-includes/rest-api/endpoints/class-wp-rest-site-health-controller.php
/srv/wordpress/www/wp-includes/rest-api/endpoints/class-wp-rest-taxonomies-controller.php
/srv/wordpress/www/wp-includes/rest-api/endpoints/class-wp-rest-template-autosaves-controller.php
/srv/wordpress/www/wp-includes/rest-api/endpoints/class-wp-rest-template-revisions-controller.php
/srv/wordpress/www/wp-includes/rest-api/endpoints/class-wp-rest-templates-controller.php
/srv/wordpress/www/wp-includes/rest-api/endpoints/class-wp-rest-terms-controller.php
/srv/wordpress/www/wp-includes/rest-api/endpoints/class-wp-rest-themes-controller.php
/srv/wordpress/www/wp-includes/rest-api/endpoints/class-wp-rest-url-details-controller.php
/srv/wordpress/www/wp-includes/rest-api/endpoints/class-wp-rest-users-controller.php
/srv/wordpress/www/wp-includes/rest-api/endpoints/class-wp-rest-widget-types-controller.php
/srv/wordpress/www/wp-includes/rest-api/endpoints/class-wp-rest-widgets-controller.php
/srv/wordpress/www/wp-includes/rest-api/fields/class-wp-rest-comment-meta-fields.php
/srv/wordpress/www/wp-includes/rest-api/fields/class-wp-rest-meta-fields.php
/srv/wordpress/www/wp-includes/rest-api/fields/class-wp-rest-post-meta-fields.php
/srv/wordpress/www/wp-includes/rest-api/fields/class-wp-rest-term-meta-fields.php
/srv/wordpress/www/wp-includes/rest-api/fields/class-wp-rest-user-meta-fields.php
/srv/wordpress/www/wp-includes/rest-api/search/class-wp-rest-post-format-search-handler.php
/srv/wordpress/www/wp-includes/rest-api/search/class-wp-rest-post-search-handler.php
/srv/wordpress/www/wp-includes/rest-api/search/class-wp-rest-search-handler.php
/srv/wordpress/www/wp-includes/rest-api/search/class-wp-rest-term-search-handler.php
/srv/wordpress/www/wp-includes/revision.php
/srv/wordpress/www/wp-includes/rewrite.php
/srv/wordpress/www/wp-includes/robots-template.php
/srv/wordpress/www/wp-includes/rss-functions.php
/srv/wordpress/www/wp-includes/rss.php
/srv/wordpress/www/wp-includes/script-loader.php
/srv/wordpress/www/wp-includes/script-modules.php
/srv/wordpress/www/wp-includes/session.php
/srv/wordpress/www/wp-includes/shortcodes.php
/srv/wordpress/www/wp-includes/sitemaps.php
/srv/wordpress/www/wp-includes/sitemaps/class-wp-sitemaps-index.php
/srv/wordpress/www/wp-includes/sitemaps/class-wp-sitemaps-provider.php
/srv/wordpress/www/wp-includes/sitemaps/class-wp-sitemaps-registry.php
/srv/wordpress/www/wp-includes/sitemaps/class-wp-sitemaps-renderer.php
/srv/wordpress/www/wp-includes/sitemaps/class-wp-sitemaps-stylesheet.php
/srv/wordpress/www/wp-includes/sitemaps/class-wp-sitemaps.php
/srv/wordpress/www/wp-includes/sitemaps/providers/class-wp-sitemaps-posts.php
/srv/wordpress/www/wp-includes/sitemaps/providers/class-wp-sitemaps-taxonomies.php
/srv/wordpress/www/wp-includes/sitemaps/providers/class-wp-sitemaps-users.php
/srv/wordpress/www/wp-includes/sodium_compat/autoload-php7.php
/srv/wordpress/www/wp-includes/sodium_compat/autoload.php
/srv/wordpress/www/wp-includes/sodium_compat/lib/constants.php
/srv/wordpress/www/wp-includes/sodium_compat/lib/namespaced.php
/srv/wordpress/www/wp-includes/sodium_compat/lib/php72compat.php
/srv/wordpress/www/wp-includes/sodium_compat/lib/php72compat_const.php
/srv/wordpress/www/wp-includes/sodium_compat/lib/php84compat.php
/srv/wordpress/www/wp-includes/sodium_compat/lib/php84compat_const.php
/srv/wordpress/www/wp-includes/sodium_compat/lib/ristretto255.php
/srv/wordpress/www/wp-includes/sodium_compat/lib/sodium_compat.php
/srv/wordpress/www/wp-includes/sodium_compat/lib/stream-xchacha20.php
/srv/wordpress/www/wp-includes/sodium_compat/namespaced/Compat.php
/srv/wordpress/www/wp-includes/sodium_compat/namespaced/Core/BLAKE2b.php
/srv/wordpress/www/wp-includes/sodium_compat/namespaced/Core/ChaCha20.php
/srv/wordpress/www/wp-includes/sodium_compat/namespaced/Core/ChaCha20/Ctx.php
/srv/wordpress/www/wp-includes/sodium_compat/namespaced/Core/ChaCha20/IetfCtx.php
/srv/wordpress/www/wp-includes/sodium_compat/namespaced/Core/Curve25519.php
/srv/wordpress/www/wp-includes/sodium_compat/namespaced/Core/Curve25519/Fe.php
/srv/wordpress/www/wp-includes/sodium_compat/namespaced/Core/Curve25519/Ge/Cached.php
/srv/wordpress/www/wp-includes/sodium_compat/namespaced/Core/Curve25519/Ge/P1p1.php
/srv/wordpress/www/wp-includes/sodium_compat/namespaced/Core/Curve25519/Ge/P2.php
/srv/wordpress/www/wp-includes/sodium_compat/namespaced/Core/Curve25519/Ge/P3.php
/srv/wordpress/www/wp-includes/sodium_compat/namespaced/Core/Curve25519/Ge/Precomp.php
/srv/wordpress/www/wp-includes/sodium_compat/namespaced/Core/Curve25519/H.php
/srv/wordpress/www/wp-includes/sodium_compat/namespaced/Core/Ed25519.php
/srv/wordpress/www/wp-includes/sodium_compat/namespaced/Core/HChaCha20.php
/srv/wordpress/www/wp-includes/sodium_compat/namespaced/Core/HSalsa20.php
/srv/wordpress/www/wp-includes/sodium_compat/namespaced/Core/Poly1305.php
/srv/wordpress/www/wp-includes/sodium_compat/namespaced/Core/Poly1305/State.php
/srv/wordpress/www/wp-includes/sodium_compat/namespaced/Core/Salsa20.php
/srv/wordpress/www/wp-includes/sodium_compat/namespaced/Core/SipHash.php
/srv/wordpress/www/wp-includes/sodium_compat/namespaced/Core/Util.php
/srv/wordpress/www/wp-includes/sodium_compat/namespaced/Core/X25519.php
/srv/wordpress/www/wp-includes/sodium_compat/namespaced/Core/XChaCha20.php
/srv/wordpress/www/wp-includes/sodium_compat/namespaced/Core/Xsalsa20.php
/srv/wordpress/www/wp-includes/sodium_compat/namespaced/Crypto.php
/srv/wordpress/www/wp-includes/sodium_compat/namespaced/File.php
/srv/wordpress/www/wp-includes/sodium_compat/src/Compat.php
/srv/wordpress/www/wp-includes/sodium_compat/src/Core/AEGIS/State128L.php
/srv/wordpress/www/wp-includes/sodium_compat/src/Core/AEGIS/State256.php
/srv/wordpress/www/wp-includes/sodium_compat/src/Core/AEGIS128L.php
/srv/wordpress/www/wp-includes/sodium_compat/src/Core/AEGIS256.php
/srv/wordpress/www/wp-includes/sodium_compat/src/Core/AES.php
/srv/wordpress/www/wp-includes/sodium_compat/src/Core/AES/Block.php
/srv/wordpress/www/wp-includes/sodium_compat/src/Core/AES/Expanded.php
/srv/wordpress/www/wp-includes/sodium_compat/src/Core/AES/KeySchedule.php
/srv/wordpress/www/wp-includes/sodium_compat/src/Core/BLAKE2b.php
/srv/wordpress/www/wp-includes/sodium_compat/src/Core/Base64/Original.php
/srv/wordpress/www/wp-includes/sodium_compat/src/Core/Base64/UrlSafe.php
/srv/wordpress/www/wp-includes/sodium_compat/src/Core/ChaCha20.php
/srv/wordpress/www/wp-includes/sodium_compat/src/Core/ChaCha20/Ctx.php
/srv/wordpress/www/wp-includes/sodium_compat/src/Core/ChaCha20/IetfCtx.php
/srv/wordpress/www/wp-includes/sodium_compat/src/Core/Curve25519.php
/srv/wordpress/www/wp-includes/sodium_compat/src/Core/Curve25519/Fe.php
/srv/wordpress/www/wp-includes/sodium_compat/src/Core/Curve25519/Ge/Cached.php
/srv/wordpress/www/wp-includes/sodium_compat/src/Core/Curve25519/Ge/P1p1.php
/srv/wordpress/www/wp-includes/sodium_compat/src/Core/Curve25519/Ge/P2.php
/srv/wordpress/www/wp-includes/sodium_compat/src/Core/Curve25519/Ge/P3.php
/srv/wordpress/www/wp-includes/sodium_compat/src/Core/Curve25519/Ge/Precomp.php
/srv/wordpress/www/wp-includes/sodium_compat/src/Core/Curve25519/H.php
/srv/wordpress/www/wp-includes/sodium_compat/src/Core/Ed25519.php
/srv/wordpress/www/wp-includes/sodium_compat/src/Core/HChaCha20.php
/srv/wordpress/www/wp-includes/sodium_compat/src/Core/HSalsa20.php
/srv/wordpress/www/wp-includes/sodium_compat/src/Core/Poly1305.php
/srv/wordpress/www/wp-includes/sodium_compat/src/Core/Poly1305/State.php
/srv/wordpress/www/wp-includes/sodium_compat/src/Core/Ristretto255.php
/srv/wordpress/www/wp-includes/sodium_compat/src/Core/Salsa20.php
/srv/wordpress/www/wp-includes/sodium_compat/src/Core/SecretStream/State.php
/srv/wordpress/www/wp-includes/sodium_compat/src/Core/SipHash.php
/srv/wordpress/www/wp-includes/sodium_compat/src/Core/Util.php
/srv/wordpress/www/wp-includes/sodium_compat/src/Core/X25519.php
/srv/wordpress/www/wp-includes/sodium_compat/src/Core/XChaCha20.php
/srv/wordpress/www/wp-includes/sodium_compat/src/Core/XSalsa20.php
/srv/wordpress/www/wp-includes/sodium_compat/src/Core32/BLAKE2b.php
/srv/wordpress/www/wp-includes/sodium_compat/src/Core32/ChaCha20.php
/srv/wordpress/www/wp-includes/sodium_compat/src/Core32/ChaCha20/Ctx.php
/srv/wordpress/www/wp-includes/sodium_compat/src/Core32/ChaCha20/IetfCtx.php
/srv/wordpress/www/wp-includes/sodium_compat/src/Core32/Curve25519.php
/srv/wordpress/www/wp-includes/sodium_compat/src/Core32/Curve25519/Fe.php
/srv/wordpress/www/wp-includes/sodium_compat/src/Core32/Curve25519/Ge/Cached.php
/srv/wordpress/www/wp-includes/sodium_compat/src/Core32/Curve25519/Ge/P1p1.php
/srv/wordpress/www/wp-includes/sodium_compat/src/Core32/Curve25519/Ge/P2.php
/srv/wordpress/www/wp-includes/sodium_compat/src/Core32/Curve25519/Ge/P3.php
/srv/wordpress/www/wp-includes/sodium_compat/src/Core32/Curve25519/Ge/Precomp.php
/srv/wordpress/www/wp-includes/sodium_compat/src/Core32/Curve25519/H.php
/srv/wordpress/www/wp-includes/sodium_compat/src/Core32/Ed25519.php
/srv/wordpress/www/wp-includes/sodium_compat/src/Core32/HChaCha20.php
/srv/wordpress/www/wp-includes/sodium_compat/src/Core32/HSalsa20.php
/srv/wordpress/www/wp-includes/sodium_compat/src/Core32/Int32.php
/srv/wordpress/www/wp-includes/sodium_compat/src/Core32/Int64.php
/srv/wordpress/www/wp-includes/sodium_compat/src/Core32/Poly1305.php
/srv/wordpress/www/wp-includes/sodium_compat/src/Core32/Poly1305/State.php
/srv/wordpress/www/wp-includes/sodium_compat/src/Core32/Salsa20.php
/srv/wordpress/www/wp-includes/sodium_compat/src/Core32/SecretStream/State.php
/srv/wordpress/www/wp-includes/sodium_compat/src/Core32/SipHash.php
/srv/wordpress/www/wp-includes/sodium_compat/src/Core32/Util.php
/srv/wordpress/www/wp-includes/sodium_compat/src/Core32/X25519.php
/srv/wordpress/www/wp-includes/sodium_compat/src/Core32/XChaCha20.php
/srv/wordpress/www/wp-includes/sodium_compat/src/Core32/XSalsa20.php
/srv/wordpress/www/wp-includes/sodium_compat/src/Crypto.php
/srv/wordpress/www/wp-includes/sodium_compat/src/Crypto32.php
/srv/wordpress/www/wp-includes/sodium_compat/src/File.php
/srv/wordpress/www/wp-includes/sodium_compat/src/PHP52/SplFixedArray.php
/srv/wordpress/www/wp-includes/sodium_compat/src/SodiumException.php
/srv/wordpress/www/wp-includes/spl-autoload-compat.php
/srv/wordpress/www/wp-includes/style-engine.php
/srv/wordpress/www/wp-includes/style-engine/class-wp-style-engine-css-declarations.php
/srv/wordpress/www/wp-includes/style-engine/class-wp-style-engine-css-rule.php
/srv/wordpress/www/wp-includes/style-engine/class-wp-style-engine-css-rules-store.php
/srv/wordpress/www/wp-includes/style-engine/class-wp-style-engine-processor.php
/srv/wordpress/www/wp-includes/style-engine/class-wp-style-engine.php
/srv/wordpress/www/wp-includes/taxonomy.php
/srv/wordpress/www/wp-includes/template-canvas.php
/srv/wordpress/www/wp-includes/template-loader.php
/srv/wordpress/www/wp-includes/template.php
/srv/wordpress/www/wp-includes/theme-compat/comments.php
/srv/wordpress/www/wp-includes/theme-compat/embed-404.php
/srv/wordpress/www/wp-includes/theme-compat/embed-content.php
/srv/wordpress/www/wp-includes/theme-compat/embed.php
/srv/wordpress/www/wp-includes/theme-compat/footer-embed.php
/srv/wordpress/www/wp-includes/theme-compat/footer.php
/srv/wordpress/www/wp-includes/theme-compat/header-embed.php
/srv/wordpress/www/wp-includes/theme-compat/header.php
/srv/wordpress/www/wp-includes/theme-compat/sidebar.php
/srv/wordpress/www/wp-includes/theme-previews.php
/srv/wordpress/www/wp-includes/theme-templates.php
/srv/wordpress/www/wp-includes/theme.php
/srv/wordpress/www/wp-includes/update.php
/srv/wordpress/www/wp-includes/user.php
/srv/wordpress/www/wp-includes/vars.php
/srv/wordpress/www/wp-includes/version.php
/srv/wordpress/www/wp-includes/widgets.php
/srv/wordpress/www/wp-includes/widgets/class-wp-nav-menu-widget.php
/srv/wordpress/www/wp-includes/widgets/class-wp-widget-archives.php
/srv/wordpress/www/wp-includes/widgets/class-wp-widget-block.php
/srv/wordpress/www/wp-includes/widgets/class-wp-widget-calendar.php
/srv/wordpress/www/wp-includes/widgets/class-wp-widget-categories.php
/srv/wordpress/www/wp-includes/widgets/class-wp-widget-custom-html.php
/srv/wordpress/www/wp-includes/widgets/class-wp-widget-links.php
/srv/wordpress/www/wp-includes/widgets/class-wp-widget-media-audio.php
/srv/wordpress/www/wp-includes/widgets/class-wp-widget-media-gallery.php
/srv/wordpress/www/wp-includes/widgets/class-wp-widget-media-image.php
/srv/wordpress/www/wp-includes/widgets/class-wp-widget-media-video.php
/srv/wordpress/www/wp-includes/widgets/class-wp-widget-media.php
/srv/wordpress/www/wp-includes/widgets/class-wp-widget-meta.php
/srv/wordpress/www/wp-includes/widgets/class-wp-widget-pages.php
/srv/wordpress/www/wp-includes/widgets/class-wp-widget-recent-comments.php
/srv/wordpress/www/wp-includes/widgets/class-wp-widget-recent-posts.php
/srv/wordpress/www/wp-includes/widgets/class-wp-widget-rss.php
/srv/wordpress/www/wp-includes/widgets/class-wp-widget-search.php
/srv/wordpress/www/wp-includes/widgets/class-wp-widget-tag-cloud.php
/srv/wordpress/www/wp-includes/widgets/class-wp-widget-text.php
/srv/wordpress/www/wp-includes/wp-db.php
/srv/wordpress/www/wp-includes/wp-diff.php
/srv/wordpress/www/wp-links-opml.php
/srv/wordpress/www/wp-load.php
/srv/wordpress/www/wp-login.php
/srv/wordpress/www/wp-mail.php
/srv/wordpress/www/wp-settings.php
/srv/wordpress/www/wp-signup.php
/srv/wordpress/www/wp-trackback.php
/srv/wordpress/www/xmlrpc.php
